16:48:21 **** Build of project int_bsp ****
make -k all 
"Running Make include in ps7_cortexa9_0/libsrc/coresightps_dcc_v1_5/src"
make -C ps7_cortexa9_0/libsrc/coresightps_dcc_v1_5/src -s include  "SHELL=CMD" "COMPILER=arm-none-eabi-gcc" "ARCHIVER=arm-none-eabi-ar" "COMPILER_FLAGS=  -O2 -c" "EXTRA_COMPILER_FLAGS=-mcpu=cortex-a9 -mfpu=vfpv3 -mfloat-abi=hard -nostartfiles -g -Wall -Wextra"
"Running Make include in ps7_cortexa9_0/libsrc/cpu_cortexa9_v2_7/src"
make -C ps7_cortexa9_0/libsrc/cpu_cortexa9_v2_7/src -s include  "SHELL=CMD" "COMPILER=arm-none-eabi-gcc" "ARCHIVER=arm-none-eabi-ar" "COMPILER_FLAGS=  -O2 -c" "EXTRA_COMPILER_FLAGS=-mcpu=cortex-a9 -mfpu=vfpv3 -mfloat-abi=hard -nostartfiles -g -Wall -Wextra"
"Running Make include in ps7_cortexa9_0/libsrc/ddrps_v1_0/src"
make -C ps7_cortexa9_0/libsrc/ddrps_v1_0/src -s include  "SHELL=CMD" "COMPILER=arm-none-eabi-gcc" "ARCHIVER=arm-none-eabi-ar" "COMPILER_FLAGS=  -O2 -c" "EXTRA_COMPILER_FLAGS=-mcpu=cortex-a9 -mfpu=vfpv3 -mfloat-abi=hard -nostartfiles -g -Wall -Wextra"
"Running Make include in ps7_cortexa9_0/libsrc/devcfg_v3_5/src"
make -C ps7_cortexa9_0/libsrc/devcfg_v3_5/src -s include  "SHELL=CMD" "COMPILER=arm-none-eabi-gcc" "ARCHIVER=arm-none-eabi-ar" "COMPILER_FLAGS=  -O2 -c" "EXTRA_COMPILER_FLAGS=-mcpu=cortex-a9 -mfpu=vfpv3 -mfloat-abi=hard -nostartfiles -g -Wall -Wextra"
"Running Make include in ps7_cortexa9_0/libsrc/dmaps_v2_4/src"
make -C ps7_cortexa9_0/libsrc/dmaps_v2_4/src -s include  "SHELL=CMD" "COMPILER=arm-none-eabi-gcc" "ARCHIVER=arm-none-eabi-ar" "COMPILER_FLAGS=  -O2 -c" "EXTRA_COMPILER_FLAGS=-mcpu=cortex-a9 -mfpu=vfpv3 -mfloat-abi=hard -nostartfiles -g -Wall -Wextra"
"Running Make include in ps7_cortexa9_0/libsrc/gpiops_v3_5/src"
make -C ps7_cortexa9_0/libsrc/gpiops_v3_5/src -s include  "SHELL=CMD" "COMPILER=arm-none-eabi-gcc" "ARCHIVER=arm-none-eabi-ar" "COMPILER_FLAGS=  -O2 -c" "EXTRA_COMPILER_FLAGS=-mcpu=cortex-a9 -mfpu=vfpv3 -mfloat-abi=hard -nostartfiles -g -Wall -Wextra"
"Running Make include in ps7_cortexa9_0/libsrc/LED_v1_0/src"
make -C ps7_cortexa9_0/libsrc/LED_v1_0/src -s include  "SHELL=CMD" "COMPILER=arm-none-eabi-gcc" "ARCHIVER=arm-none-eabi-ar" "COMPILER_FLAGS=  -O2 -c" "EXTRA_COMPILER_FLAGS=-mcpu=cortex-a9 -mfpu=vfpv3 -mfloat-abi=hard -nostartfiles -g -Wall -Wextra"
"Running Make include in ps7_cortexa9_0/libsrc/scugic_v4_0/src"
make -C ps7_cortexa9_0/libsrc/scugic_v4_0/src -s include  "SHELL=CMD" "COMPILER=arm-none-eabi-gcc" "ARCHIVER=arm-none-eabi-ar" "COMPILER_FLAGS=  -O2 -c" "EXTRA_COMPILER_FLAGS=-mcpu=cortex-a9 -mfpu=vfpv3 -mfloat-abi=hard -nostartfiles -g -Wall -Wextra"
"Running Make include in ps7_cortexa9_0/libsrc/scutimer_v2_1/src"
make -C ps7_cortexa9_0/libsrc/scutimer_v2_1/src -s include  "SHELL=CMD" "COMPILER=arm-none-eabi-gcc" "ARCHIVER=arm-none-eabi-ar" "COMPILER_FLAGS=  -O2 -c" "EXTRA_COMPILER_FLAGS=-mcpu=cortex-a9 -mfpu=vfpv3 -mfloat-abi=hard -nostartfiles -g -Wall -Wextra"
"Running Make include in ps7_cortexa9_0/libsrc/scuwdt_v2_1/src"
make -C ps7_cortexa9_0/libsrc/scuwdt_v2_1/src -s include  "SHELL=CMD" "COMPILER=arm-none-eabi-gcc" "ARCHIVER=arm-none-eabi-ar" "COMPILER_FLAGS=  -O2 -c" "EXTRA_COMPILER_FLAGS=-mcpu=cortex-a9 -mfpu=vfpv3 -mfloat-abi=hard -nostartfiles -g -Wall -Wextra"
"Running Make include in ps7_cortexa9_0/libsrc/standalone_v7_0/src"
make -C ps7_cortexa9_0/libsrc/standalone_v7_0/src -s include  "SHELL=CMD" "COMPILER=arm-none-eabi-gcc" "ARCHIVER=arm-none-eabi-ar" "COMPILER_FLAGS=  -O2 -c" "EXTRA_COMPILER_FLAGS=-mcpu=cortex-a9 -mfpu=vfpv3 -mfloat-abi=hard -nostartfiles -g -Wall -Wextra"
"Running Make include in ps7_cortexa9_0/libsrc/uartps_v3_7/src"
make -C ps7_cortexa9_0/libsrc/uartps_v3_7/src -s include  "SHELL=CMD" "COMPILER=arm-none-eabi-gcc" "ARCHIVER=arm-none-eabi-ar" "COMPILER_FLAGS=  -O2 -c" "EXTRA_COMPILER_FLAGS=-mcpu=cortex-a9 -mfpu=vfpv3 -mfloat-abi=hard -nostartfiles -g -Wall -Wextra"
"Running Make include in ps7_cortexa9_0/libsrc/xadcps_v2_3/src"
make -C ps7_cortexa9_0/libsrc/xadcps_v2_3/src -s include  "SHELL=CMD" "COMPILER=arm-none-eabi-gcc" "ARCHIVER=arm-none-eabi-ar" "COMPILER_FLAGS=  -O2 -c" "EXTRA_COMPILER_FLAGS=-mcpu=cortex-a9 -mfpu=vfpv3 -mfloat-abi=hard -nostartfiles -g -Wall -Wextra"
"Running Make libs in ps7_cortexa9_0/libsrc/coresightps_dcc_v1_5/src"
make -C ps7_cortexa9_0/libsrc/coresightps_dcc_v1_5/src -s libs  "SHELL=CMD" "COMPILER=arm-none-eabi-gcc" "ARCHIVER=arm-none-eabi-ar" "COMPILER_FLAGS=  -O2 -c" "EXTRA_COMPILER_FLAGS=-mcpu=cortex-a9 -mfpu=vfpv3 -mfloat-abi=hard -nostartfiles -g -Wall -Wextra"
"Compiling coresightps_dcc"
arm-none-eabi-ar: creating ../../../lib/libxil.a
"Running Make libs in ps7_cortexa9_0/libsrc/cpu_cortexa9_v2_7/src"
make -C ps7_cortexa9_0/libsrc/cpu_cortexa9_v2_7/src -s libs  "SHELL=CMD" "COMPILER=arm-none-eabi-gcc" "ARCHIVER=arm-none-eabi-ar" "COMPILER_FLAGS=  -O2 -c" "EXTRA_COMPILER_FLAGS=-mcpu=cortex-a9 -mfpu=vfpv3 -mfloat-abi=hard -nostartfiles -g -Wall -Wextra"
"Compiling cpu_cortexa9"
"Running Make libs in ps7_cortexa9_0/libsrc/ddrps_v1_0/src"
make -C ps7_cortexa9_0/libsrc/ddrps_v1_0/src -s libs  "SHELL=CMD" "COMPILER=arm-none-eabi-gcc" "ARCHIVER=arm-none-eabi-ar" "COMPILER_FLAGS=  -O2 -c" "EXTRA_COMPILER_FLAGS=-mcpu=cortex-a9 -mfpu=vfpv3 -mfloat-abi=hard -nostartfiles -g -Wall -Wextra"
"Compiling ddrps"
"Running Make libs in ps7_cortexa9_0/libsrc/devcfg_v3_5/src"
make -C ps7_cortexa9_0/libsrc/devcfg_v3_5/src -s libs  "SHELL=CMD" "COMPILER=arm-none-eabi-gcc" "ARCHIVER=arm-none-eabi-ar" "COMPILER_FLAGS=  -O2 -c" "EXTRA_COMPILER_FLAGS=-mcpu=cortex-a9 -mfpu=vfpv3 -mfloat-abi=hard -nostartfiles -g -Wall -Wextra"
"Compiling devcfg"
"Running Make libs in ps7_cortexa9_0/libsrc/dmaps_v2_4/src"
make -C ps7_cortexa9_0/libsrc/dmaps_v2_4/src -s libs  "SHELL=CMD" "COMPILER=arm-none-eabi-gcc" "ARCHIVER=arm-none-eabi-ar" "COMPILER_FLAGS=  -O2 -c" "EXTRA_COMPILER_FLAGS=-mcpu=cortex-a9 -mfpu=vfpv3 -mfloat-abi=hard -nostartfiles -g -Wall -Wextra"
"Compiling dmaps"
"Running Make libs in ps7_cortexa9_0/libsrc/gpiops_v3_5/src"
make -C ps7_cortexa9_0/libsrc/gpiops_v3_5/src -s libs  "SHELL=CMD" "COMPILER=arm-none-eabi-gcc" "ARCHIVER=arm-none-eabi-ar" "COMPILER_FLAGS=  -O2 -c" "EXTRA_COMPILER_FLAGS=-mcpu=cortex-a9 -mfpu=vfpv3 -mfloat-abi=hard -nostartfiles -g -Wall -Wextra"
"Compiling gpiops"
"Running Make libs in ps7_cortexa9_0/libsrc/LED_v1_0/src"
make -C ps7_cortexa9_0/libsrc/LED_v1_0/src -s libs  "SHELL=CMD" "COMPILER=arm-none-eabi-gcc" "ARCHIVER=arm-none-eabi-ar" "COMPILER_FLAGS=  -O2 -c" "EXTRA_COMPILER_FLAGS=-mcpu=cortex-a9 -mfpu=vfpv3 -mfloat-abi=hard -nostartfiles -g -Wall -Wextra"
"Compiling LED..."
LED_selftest.c: In function 'LED_Reg_SelfTest':
LED_selftest.c:52:52: warning: comparison of integer expressions of different signedness: 'u32' {aka 'long unsigned int'} and 'int' [-Wsign-compare]
    if ( LED_mReadReg (baseaddr, read_loop_index*4) != (read_loop_index+1)*READ_WRITE_MUL_FACTOR){
                                                    ^~
LED_selftest.c:36:6: warning: unused variable 'Index' [-Wunused-variable]
  int Index;
      ^~~~~
"Running Make libs in ps7_cortexa9_0/libsrc/scugic_v4_0/src"
make -C ps7_cortexa9_0/libsrc/scugic_v4_0/src -s libs  "SHELL=CMD" "COMPILER=arm-none-eabi-gcc" "ARCHIVER=arm-none-eabi-ar" "COMPILER_FLAGS=  -O2 -c" "EXTRA_COMPILER_FLAGS=-mcpu=cortex-a9 -mfpu=vfpv3 -mfloat-abi=hard -nostartfiles -g -Wall -Wextra"
"Compiling scugic"
"Running Make libs in ps7_cortexa9_0/libsrc/scutimer_v2_1/src"
make -C ps7_cortexa9_0/libsrc/scutimer_v2_1/src -s libs  "SHELL=CMD" "COMPILER=arm-none-eabi-gcc" "ARCHIVER=arm-none-eabi-ar" "COMPILER_FLAGS=  -O2 -c" "EXTRA_COMPILER_FLAGS=-mcpu=cortex-a9 -mfpu=vfpv3 -mfloat-abi=hard -nostartfiles -g -Wall -Wextra"
"Compiling scutimer"
"Running Make libs in ps7_cortexa9_0/libsrc/scuwdt_v2_1/src"
make -C ps7_cortexa9_0/libsrc/scuwdt_v2_1/src -s libs  "SHELL=CMD" "COMPILER=arm-none-eabi-gcc" "ARCHIVER=arm-none-eabi-ar" "COMPILER_FLAGS=  -O2 -c" "EXTRA_COMPILER_FLAGS=-mcpu=cortex-a9 -mfpu=vfpv3 -mfloat-abi=hard -nostartfiles -g -Wall -Wextra"
"Compiling scuwdt"
"Running Make libs in ps7_cortexa9_0/libsrc/standalone_v7_0/src"
make -C ps7_cortexa9_0/libsrc/standalone_v7_0/src -s libs  "SHELL=CMD" "COMPILER=arm-none-eabi-gcc" "ARCHIVER=arm-none-eabi-ar" "COMPILER_FLAGS=  -O2 -c" "EXTRA_COMPILER_FLAGS=-mcpu=cortex-a9 -mfpu=vfpv3 -mfloat-abi=hard -nostartfiles -g -Wall -Wextra"
"Compiling standalone"
In file included from usleep.c:56:
xtime_l.h:87:9: note: #pragma message: For the sleep routines, Global timer is being used
 #pragma message ("For the sleep routines, Global timer is being used")
         ^~~~~~~
In file included from xil_sleeptimer.c:51:
xtime_l.h:87:9: note: #pragma message: For the sleep routines, Global timer is being used
 #pragma message ("For the sleep routines, Global timer is being used")
         ^~~~~~~
In file included from xtime_l.c:49:
xtime_l.h:87:9: note: #pragma message: For the sleep routines, Global timer is being used
 #pragma message ("For the sleep routines, Global timer is being used")
         ^~~~~~~
In file included from sleep.c:53:
xtime_l.h:87:9: note: #pragma message: For the sleep routines, Global timer is being used
 #pragma message ("For the sleep routines, Global timer is being used")
         ^~~~~~~
"Running Make libs in ps7_cortexa9_0/libsrc/uartps_v3_7/src"
make -C ps7_cortexa9_0/libsrc/uartps_v3_7/src -s libs  "SHELL=CMD" "COMPILER=arm-none-eabi-gcc" "ARCHIVER=arm-none-eabi-ar" "COMPILER_FLAGS=  -O2 -c" "EXTRA_COMPILER_FLAGS=-mcpu=cortex-a9 -mfpu=vfpv3 -mfloat-abi=hard -nostartfiles -g -Wall -Wextra"
"Compiling uartps"
"Running Make libs in ps7_cortexa9_0/libsrc/xadcps_v2_3/src"
make -C ps7_cortexa9_0/libsrc/xadcps_v2_3/src -s libs  "SHELL=CMD" "COMPILER=arm-none-eabi-gcc" "ARCHIVER=arm-none-eabi-ar" "COMPILER_FLAGS=  -O2 -c" "EXTRA_COMPILER_FLAGS=-mcpu=cortex-a9 -mfpu=vfpv3 -mfloat-abi=hard -nostartfiles -g -Wall -Wextra"
"Compiling xadcps"
'Finished building libraries'
16:49:09 **** Build of configuration Debug for project int ****
make pre-build main-build 
a9-linaro-pre-build-step
' '
'Building file: ../src/main.c'
'Invoking: ARM v7 gcc compiler'
arm-none-eabi-gcc -Wall -O0 -g3 -c -fmessage-length=0 -MT"src/main.o" -mcpu=cortex-a9 -mfpu=vfpv3 -mfloat-abi=hard -I../../int_bsp/ps7_cortexa9_0/include -MMD -MP -MF"src/main.d" -MT"src/main.o" -o "src/main.o" "../src/main.c"
'Finished building: ../src/main.c'
' '
'Building target: int.elf'
'Invoking: ARM v7 gcc linker'
arm-none-eabi-gcc -mcpu=cortex-a9 -mfpu=vfpv3 -mfloat-abi=hard -Wl,-build-id=none -specs=Xilinx.spec -Wl,-T -Wl,../src/lscript.ld -L../../int_bsp/ps7_cortexa9_0/lib -o "int.elf"  ./src/main.o   -Wl,--start-group,-lxil,-lgcc,-lc,--end-group
d:/vivado/install/sdk/2019.1/gnu/aarch32/nt/gcc-arm-none-eabi/bin/../lib/gcc/arm-none-eabi/8.2.0/../../../../arm-none-eabi/bin/ld.exe: ../../int_bsp/ps7_cortexa9_0/lib\libxil.a(xil-crt0.o): in function `_start':
C:\Users\aiai\Desktop\study\FPGA\Xlinx\2020_12_5\oled_test\oled\oled.sdk\int_bsp\ps7_cortexa9_0\libsrc\standalone_v7_0\src/xil-crt0.S:138: undefined reference to `main'
collect2.exe: error: ld returned 1 exit status
make: *** [makefile:41: int.elf] Error 1
16:49:21 **** Auto Build of configuration Debug for project int ****
make pre-build main-build 
a9-linaro-pre-build-step
' '
'Building file: ../src/main.c'
'Invoking: ARM v7 gcc compiler'
arm-none-eabi-gcc -Wall -O0 -g3 -c -fmessage-length=0 -MT"src/main.o" -mcpu=cortex-a9 -mfpu=vfpv3 -mfloat-abi=hard -I../../int_bsp/ps7_cortexa9_0/include -MMD -MP -MF"src/main.d" -MT"src/main.o" -o "src/main.o" "../src/main.c"
'Finished building: ../src/main.c'
' '
'Building target: int.elf'
'Invoking: ARM v7 gcc linker'
arm-none-eabi-gcc -mcpu=cortex-a9 -mfpu=vfpv3 -mfloat-abi=hard -Wl,-build-id=none -specs=Xilinx.spec -Wl,-T -Wl,../src/lscript.ld -L../../int_bsp/ps7_cortexa9_0/lib -o "int.elf"  ./src/main.o   -Wl,--start-group,-lxil,-lgcc,-lc,--end-group
d:/vivado/install/sdk/2019.1/gnu/aarch32/nt/gcc-arm-none-eabi/bin/../lib/gcc/arm-none-eabi/8.2.0/../../../../arm-none-eabi/bin/ld.exe: ../../int_bsp/ps7_cortexa9_0/lib\libxil.a(vectors.o): in function `IRQInterrupt':
C:\Users\aiai\Desktop\study\FPGA\Xlinx\2020_12_5\oled_test\oled\oled.sdk\int_bsp\ps7_cortexa9_0\libsrc\standalone_v7_0\src/vectors.c:107: multiple definition of `IRQInterrupt'; ./src/main.o:C:\Users\aiai\Desktop\study\FPGA\Xlinx\2020_12_5\oled_test\oled\oled.sdk\int\Debug/../src/main.c:125: first defined here
collect2.exe: error: ld returned 1 exit status
make: *** [makefile:41: int.elf] Error 1
16:51:12 **** Auto Build of configuration Debug for project int ****
make pre-build main-build 
a9-linaro-pre-build-step
' '
'Building file: ../src/main.c'
'Invoking: ARM v7 gcc compiler'
arm-none-eabi-gcc -Wall -O0 -g3 -c -fmessage-length=0 -MT"src/main.o" -mcpu=cortex-a9 -mfpu=vfpv3 -mfloat-abi=hard -I../../int_bsp/ps7_cortexa9_0/include -MMD -MP -MF"src/main.d" -MT"src/main.o" -o "src/main.o" "../src/main.c"
'Finished building: ../src/main.c'
' '
'Building target: int.elf'
'Invoking: ARM v7 gcc linker'
arm-none-eabi-gcc -mcpu=cortex-a9 -mfpu=vfpv3 -mfloat-abi=hard -Wl,-build-id=none -specs=Xilinx.spec -Wl,-T -Wl,../src/lscript.ld -L../../int_bsp/ps7_cortexa9_0/lib -o "int.elf"  ./src/main.o   -Wl,--start-group,-lxil,-lgcc,-lc,--end-group
d:/vivado/install/sdk/2019.1/gnu/aarch32/nt/gcc-arm-none-eabi/bin/../lib/gcc/arm-none-eabi/8.2.0/../../../../arm-none-eabi/bin/ld.exe: ../../int_bsp/ps7_cortexa9_0/lib\libxil.a(vectors.o): in function `IRQInterrupt':
C:\Users\aiai\Desktop\study\FPGA\Xlinx\2020_12_5\oled_test\oled\oled.sdk\int_bsp\ps7_cortexa9_0\libsrc\standalone_v7_0\src/vectors.c:107: multiple definition of `IRQInterrupt'; ./src/main.o:C:\Users\aiai\Desktop\study\FPGA\Xlinx\2020_12_5\oled_test\oled\oled.sdk\int\Debug/../src/main.c:125: first defined here
collect2.exe: error: ld returned 1 exit status
make: *** [makefile:41: int.elf] Error 1
16:55:07 **** Build of project int_bsp ****
make -k all 
"Running Make include in ps7_cortexa9_0/libsrc/coresightps_dcc_v1_5/src"
make -C ps7_cortexa9_0/libsrc/coresightps_dcc_v1_5/src -s include  "SHELL=CMD" "COMPILER=arm-none-eabi-gcc" "ARCHIVER=arm-none-eabi-ar" "COMPILER_FLAGS=  -O2 -c" "EXTRA_COMPILER_FLAGS=-mcpu=cortex-a9 -mfpu=vfpv3 -mfloat-abi=hard -nostartfiles -g -Wall -Wextra"
"Running Make include in ps7_cortexa9_0/libsrc/cpu_cortexa9_v2_7/src"
make -C ps7_cortexa9_0/libsrc/cpu_cortexa9_v2_7/src -s include  "SHELL=CMD" "COMPILER=arm-none-eabi-gcc" "ARCHIVER=arm-none-eabi-ar" "COMPILER_FLAGS=  -O2 -c" "EXTRA_COMPILER_FLAGS=-mcpu=cortex-a9 -mfpu=vfpv3 -mfloat-abi=hard -nostartfiles -g -Wall -Wextra"
"Running Make include in ps7_cortexa9_0/libsrc/ddrps_v1_0/src"
make -C ps7_cortexa9_0/libsrc/ddrps_v1_0/src -s include  "SHELL=CMD" "COMPILER=arm-none-eabi-gcc" "ARCHIVER=arm-none-eabi-ar" "COMPILER_FLAGS=  -O2 -c" "EXTRA_COMPILER_FLAGS=-mcpu=cortex-a9 -mfpu=vfpv3 -mfloat-abi=hard -nostartfiles -g -Wall -Wextra"
"Running Make include in ps7_cortexa9_0/libsrc/devcfg_v3_5/src"
make -C ps7_cortexa9_0/libsrc/devcfg_v3_5/src -s include  "SHELL=CMD" "COMPILER=arm-none-eabi-gcc" "ARCHIVER=arm-none-eabi-ar" "COMPILER_FLAGS=  -O2 -c" "EXTRA_COMPILER_FLAGS=-mcpu=cortex-a9 -mfpu=vfpv3 -mfloat-abi=hard -nostartfiles -g -Wall -Wextra"
"Running Make include in ps7_cortexa9_0/libsrc/dmaps_v2_4/src"
make -C ps7_cortexa9_0/libsrc/dmaps_v2_4/src -s include  "SHELL=CMD" "COMPILER=arm-none-eabi-gcc" "ARCHIVER=arm-none-eabi-ar" "COMPILER_FLAGS=  -O2 -c" "EXTRA_COMPILER_FLAGS=-mcpu=cortex-a9 -mfpu=vfpv3 -mfloat-abi=hard -nostartfiles -g -Wall -Wextra"
"Running Make include in ps7_cortexa9_0/libsrc/gpiops_v3_5/src"
make -C ps7_cortexa9_0/libsrc/gpiops_v3_5/src -s include  "SHELL=CMD" "COMPILER=arm-none-eabi-gcc" "ARCHIVER=arm-none-eabi-ar" "COMPILER_FLAGS=  -O2 -c" "EXTRA_COMPILER_FLAGS=-mcpu=cortex-a9 -mfpu=vfpv3 -mfloat-abi=hard -nostartfiles -g -Wall -Wextra"
"Running Make include in ps7_cortexa9_0/libsrc/LED_v1_0/src"
make -C ps7_cortexa9_0/libsrc/LED_v1_0/src -s include  "SHELL=CMD" "COMPILER=arm-none-eabi-gcc" "ARCHIVER=arm-none-eabi-ar" "COMPILER_FLAGS=  -O2 -c" "EXTRA_COMPILER_FLAGS=-mcpu=cortex-a9 -mfpu=vfpv3 -mfloat-abi=hard -nostartfiles -g -Wall -Wextra"
"Running Make include in ps7_cortexa9_0/libsrc/scugic_v4_0/src"
make -C ps7_cortexa9_0/libsrc/scugic_v4_0/src -s include  "SHELL=CMD" "COMPILER=arm-none-eabi-gcc" "ARCHIVER=arm-none-eabi-ar" "COMPILER_FLAGS=  -O2 -c" "EXTRA_COMPILER_FLAGS=-mcpu=cortex-a9 -mfpu=vfpv3 -mfloat-abi=hard -nostartfiles -g -Wall -Wextra"
"Running Make include in ps7_cortexa9_0/libsrc/scutimer_v2_1/src"
make -C ps7_cortexa9_0/libsrc/scutimer_v2_1/src -s include  "SHELL=CMD" "COMPILER=arm-none-eabi-gcc" "ARCHIVER=arm-none-eabi-ar" "COMPILER_FLAGS=  -O2 -c" "EXTRA_COMPILER_FLAGS=-mcpu=cortex-a9 -mfpu=vfpv3 -mfloat-abi=hard -nostartfiles -g -Wall -Wextra"
"Running Make include in ps7_cortexa9_0/libsrc/scuwdt_v2_1/src"
make -C ps7_cortexa9_0/libsrc/scuwdt_v2_1/src -s include  "SHELL=CMD" "COMPILER=arm-none-eabi-gcc" "ARCHIVER=arm-none-eabi-ar" "COMPILER_FLAGS=  -O2 -c" "EXTRA_COMPILER_FLAGS=-mcpu=cortex-a9 -mfpu=vfpv3 -mfloat-abi=hard -nostartfiles -g -Wall -Wextra"
"Running Make include in ps7_cortexa9_0/libsrc/standalone_v7_0/src"
make -C ps7_cortexa9_0/libsrc/standalone_v7_0/src -s include  "SHELL=CMD" "COMPILER=arm-none-eabi-gcc" "ARCHIVER=arm-none-eabi-ar" "COMPILER_FLAGS=  -O2 -c" "EXTRA_COMPILER_FLAGS=-mcpu=cortex-a9 -mfpu=vfpv3 -mfloat-abi=hard -nostartfiles -g -Wall -Wextra"
"Running Make include in ps7_cortexa9_0/libsrc/uartps_v3_7/src"
make -C ps7_cortexa9_0/libsrc/uartps_v3_7/src -s include  "SHELL=CMD" "COMPILER=arm-none-eabi-gcc" "ARCHIVER=arm-none-eabi-ar" "COMPILER_FLAGS=  -O2 -c" "EXTRA_COMPILER_FLAGS=-mcpu=cortex-a9 -mfpu=vfpv3 -mfloat-abi=hard -nostartfiles -g -Wall -Wextra"
"Running Make include in ps7_cortexa9_0/libsrc/xadcps_v2_3/src"
make -C ps7_cortexa9_0/libsrc/xadcps_v2_3/src -s include  "SHELL=CMD" "COMPILER=arm-none-eabi-gcc" "ARCHIVER=arm-none-eabi-ar" "COMPILER_FLAGS=  -O2 -c" "EXTRA_COMPILER_FLAGS=-mcpu=cortex-a9 -mfpu=vfpv3 -mfloat-abi=hard -nostartfiles -g -Wall -Wextra"
"Running Make libs in ps7_cortexa9_0/libsrc/coresightps_dcc_v1_5/src"
make -C ps7_cortexa9_0/libsrc/coresightps_dcc_v1_5/src -s libs  "SHELL=CMD" "COMPILER=arm-none-eabi-gcc" "ARCHIVER=arm-none-eabi-ar" "COMPILER_FLAGS=  -O2 -c" "EXTRA_COMPILER_FLAGS=-mcpu=cortex-a9 -mfpu=vfpv3 -mfloat-abi=hard -nostartfiles -g -Wall -Wextra"
"Compiling coresightps_dcc"
arm-none-eabi-ar: creating ../../../lib/libxil.a
"Running Make libs in ps7_cortexa9_0/libsrc/cpu_cortexa9_v2_7/src"
make -C ps7_cortexa9_0/libsrc/cpu_cortexa9_v2_7/src -s libs  "SHELL=CMD" "COMPILER=arm-none-eabi-gcc" "ARCHIVER=arm-none-eabi-ar" "COMPILER_FLAGS=  -O2 -c" "EXTRA_COMPILER_FLAGS=-mcpu=cortex-a9 -mfpu=vfpv3 -mfloat-abi=hard -nostartfiles -g -Wall -Wextra"
"Compiling cpu_cortexa9"
"Running Make libs in ps7_cortexa9_0/libsrc/ddrps_v1_0/src"
make -C ps7_cortexa9_0/libsrc/ddrps_v1_0/src -s libs  "SHELL=CMD" "COMPILER=arm-none-eabi-gcc" "ARCHIVER=arm-none-eabi-ar" "COMPILER_FLAGS=  -O2 -c" "EXTRA_COMPILER_FLAGS=-mcpu=cortex-a9 -mfpu=vfpv3 -mfloat-abi=hard -nostartfiles -g -Wall -Wextra"
"Compiling ddrps"
"Running Make libs in ps7_cortexa9_0/libsrc/devcfg_v3_5/src"
make -C ps7_cortexa9_0/libsrc/devcfg_v3_5/src -s libs  "SHELL=CMD" "COMPILER=arm-none-eabi-gcc" "ARCHIVER=arm-none-eabi-ar" "COMPILER_FLAGS=  -O2 -c" "EXTRA_COMPILER_FLAGS=-mcpu=cortex-a9 -mfpu=vfpv3 -mfloat-abi=hard -nostartfiles -g -Wall -Wextra"
"Compiling devcfg"
"Running Make libs in ps7_cortexa9_0/libsrc/dmaps_v2_4/src"
make -C ps7_cortexa9_0/libsrc/dmaps_v2_4/src -s libs  "SHELL=CMD" "COMPILER=arm-none-eabi-gcc" "ARCHIVER=arm-none-eabi-ar" "COMPILER_FLAGS=  -O2 -c" "EXTRA_COMPILER_FLAGS=-mcpu=cortex-a9 -mfpu=vfpv3 -mfloat-abi=hard -nostartfiles -g -Wall -Wextra"
"Compiling dmaps"
"Running Make libs in ps7_cortexa9_0/libsrc/gpiops_v3_5/src"
make -C ps7_cortexa9_0/libsrc/gpiops_v3_5/src -s libs  "SHELL=CMD" "COMPILER=arm-none-eabi-gcc" "ARCHIVER=arm-none-eabi-ar" "COMPILER_FLAGS=  -O2 -c" "EXTRA_COMPILER_FLAGS=-mcpu=cortex-a9 -mfpu=vfpv3 -mfloat-abi=hard -nostartfiles -g -Wall -Wextra"
"Compiling gpiops"
"Running Make libs in ps7_cortexa9_0/libsrc/LED_v1_0/src"
make -C ps7_cortexa9_0/libsrc/LED_v1_0/src -s libs  "SHELL=CMD" "COMPILER=arm-none-eabi-gcc" "ARCHIVER=arm-none-eabi-ar" "COMPILER_FLAGS=  -O2 -c" "EXTRA_COMPILER_FLAGS=-mcpu=cortex-a9 -mfpu=vfpv3 -mfloat-abi=hard -nostartfiles -g -Wall -Wextra"
"Compiling LED..."
LED_selftest.c: In function 'LED_Reg_SelfTest':
LED_selftest.c:52:52: warning: comparison of integer expressions of different signedness: 'u32' {aka 'long unsigned int'} and 'int' [-Wsign-compare]
    if ( LED_mReadReg (baseaddr, read_loop_index*4) != (read_loop_index+1)*READ_WRITE_MUL_FACTOR){
                                                    ^~
LED_selftest.c:36:6: warning: unused variable 'Index' [-Wunused-variable]
  int Index;
      ^~~~~
"Running Make libs in ps7_cortexa9_0/libsrc/scugic_v4_0/src"
make -C ps7_cortexa9_0/libsrc/scugic_v4_0/src -s libs  "SHELL=CMD" "COMPILER=arm-none-eabi-gcc" "ARCHIVER=arm-none-eabi-ar" "COMPILER_FLAGS=  -O2 -c" "EXTRA_COMPILER_FLAGS=-mcpu=cortex-a9 -mfpu=vfpv3 -mfloat-abi=hard -nostartfiles -g -Wall -Wextra"
"Compiling scugic"
"Running Make libs in ps7_cortexa9_0/libsrc/scutimer_v2_1/src"
make -C ps7_cortexa9_0/libsrc/scutimer_v2_1/src -s libs  "SHELL=CMD" "COMPILER=arm-none-eabi-gcc" "ARCHIVER=arm-none-eabi-ar" "COMPILER_FLAGS=  -O2 -c" "EXTRA_COMPILER_FLAGS=-mcpu=cortex-a9 -mfpu=vfpv3 -mfloat-abi=hard -nostartfiles -g -Wall -Wextra"
"Compiling scutimer"
"Running Make libs in ps7_cortexa9_0/libsrc/scuwdt_v2_1/src"
make -C ps7_cortexa9_0/libsrc/scuwdt_v2_1/src -s libs  "SHELL=CMD" "COMPILER=arm-none-eabi-gcc" "ARCHIVER=arm-none-eabi-ar" "COMPILER_FLAGS=  -O2 -c" "EXTRA_COMPILER_FLAGS=-mcpu=cortex-a9 -mfpu=vfpv3 -mfloat-abi=hard -nostartfiles -g -Wall -Wextra"
"Compiling scuwdt"
"Running Make libs in ps7_cortexa9_0/libsrc/standalone_v7_0/src"
make -C ps7_cortexa9_0/libsrc/standalone_v7_0/src -s libs  "SHELL=CMD" "COMPILER=arm-none-eabi-gcc" "ARCHIVER=arm-none-eabi-ar" "COMPILER_FLAGS=  -O2 -c" "EXTRA_COMPILER_FLAGS=-mcpu=cortex-a9 -mfpu=vfpv3 -mfloat-abi=hard -nostartfiles -g -Wall -Wextra"
"Compiling standalone"
In file included from usleep.c:56:
xtime_l.h:87:9: note: #pragma message: For the sleep routines, Global timer is being used
 #pragma message ("For the sleep routines, Global timer is being used")
         ^~~~~~~
In file included from xil_sleeptimer.c:51:
xtime_l.h:87:9: note: #pragma message: For the sleep routines, Global timer is being used
 #pragma message ("For the sleep routines, Global timer is being used")
         ^~~~~~~
In file included from xtime_l.c:49:
xtime_l.h:87:9: note: #pragma message: For the sleep routines, Global timer is being used
 #pragma message ("For the sleep routines, Global timer is being used")
         ^~~~~~~
In file included from sleep.c:53:
xtime_l.h:87:9: note: #pragma message: For the sleep routines, Global timer is being used
 #pragma message ("For the sleep routines, Global timer is being used")
         ^~~~~~~
"Running Make libs in ps7_cortexa9_0/libsrc/uartps_v3_7/src"
make -C ps7_cortexa9_0/libsrc/uartps_v3_7/src -s libs  "SHELL=CMD" "COMPILER=arm-none-eabi-gcc" "ARCHIVER=arm-none-eabi-ar" "COMPILER_FLAGS=  -O2 -c" "EXTRA_COMPILER_FLAGS=-mcpu=cortex-a9 -mfpu=vfpv3 -mfloat-abi=hard -nostartfiles -g -Wall -Wextra"
"Compiling uartps"
"Running Make libs in ps7_cortexa9_0/libsrc/xadcps_v2_3/src"
make -C ps7_cortexa9_0/libsrc/xadcps_v2_3/src -s libs  "SHELL=CMD" "COMPILER=arm-none-eabi-gcc" "ARCHIVER=arm-none-eabi-ar" "COMPILER_FLAGS=  -O2 -c" "EXTRA_COMPILER_FLAGS=-mcpu=cortex-a9 -mfpu=vfpv3 -mfloat-abi=hard -nostartfiles -g -Wall -Wextra"
"Compiling xadcps"
'Finished building libraries'
16:55:55 **** Build of configuration Debug for project int ****
make pre-build main-build 
a9-linaro-pre-build-step
' '
'Building file: ../src/asm_vectors.S'
'Invoking: ARM v7 gcc compiler'
arm-none-eabi-gcc -Wall -O0 -g3 -c -fmessage-length=0 -MT"src/asm_vectors.o" -mcpu=cortex-a9 -mfpu=vfpv3 -mfloat-abi=hard -I../../int_bsp/ps7_cortexa9_0/include -MMD -MP -MF"src/asm_vectors.d" -MT"src/asm_vectors.o" -o "src/asm_vectors.o" "../src/asm_vectors.S"
'Finished building: ../src/asm_vectors.S'
' '
'Building file: ../src/boot.S'
'Invoking: ARM v7 gcc compiler'
arm-none-eabi-gcc -Wall -O0 -g3 -c -fmessage-length=0 -MT"src/boot.o" -mcpu=cortex-a9 -mfpu=vfpv3 -mfloat-abi=hard -I../../int_bsp/ps7_cortexa9_0/include -MMD -MP -MF"src/boot.d" -MT"src/boot.o" -o "src/boot.o" "../src/boot.S"
'Finished building: ../src/boot.S'
' '
'Building file: ../src/main.c'
'Invoking: ARM v7 gcc compiler'
arm-none-eabi-gcc -Wall -O0 -g3 -c -fmessage-length=0 -MT"src/main.o" -mcpu=cortex-a9 -mfpu=vfpv3 -mfloat-abi=hard -I../../int_bsp/ps7_cortexa9_0/include -MMD -MP -MF"src/main.d" -MT"src/main.o" -o "src/main.o" "../src/main.c"
'Finished building: ../src/main.c'
' '
'Building file: ../src/translation_table.s'
'Invoking: ARM v7 gcc assembler'
arm-none-eabi-gcc -c  -o"src/translation_table.o" "../src/translation_table.s"
'Finished building: ../src/translation_table.s'
' '
'Building target: int.elf'
'Invoking: ARM v7 gcc linker'
arm-none-eabi-gcc -mcpu=cortex-a9 -mfpu=vfpv3 -mfloat-abi=hard -Wl,-build-id=none -specs=Xilinx.spec -Wl,-T -Wl,../src/lscript.ld -L../../int_bsp/ps7_cortexa9_0/lib -o "int.elf"  ./src/asm_vectors.o ./src/boot.o ./src/main.o ./src/translation_table.o   -Wl,--start-group,-lxil,-lgcc,-lc,--end-group
'Finished building target: int.elf'
' '
'Invoking: ARM v7 Print Size'
arm-none-eabi-size int.elf  |tee "int.elf.size"
   text	   data	    bss	    dec	    hex	filename
  18076	     12	  22568	  40656	   9ed0	int.elf
'Finished building: int.elf.size'
' '
16:56:04 **** Incremental Build of configuration Debug for project int ****
make pre-build main-build 
a9-linaro-pre-build-step
' '
make: Nothing to be done for 'main-build'.
16:56:20 **** Incremental Build of configuration Debug for project int ****
make pre-build main-build 
a9-linaro-pre-build-step
' '
make: Nothing to be done for 'main-build'.
17:00:06 **** Auto Build of configuration Debug for project int ****
make pre-build main-build 
a9-linaro-pre-build-step
' '
'Building file: ../src/main.c'
'Invoking: ARM v7 gcc compiler'
arm-none-eabi-gcc -Wall -O0 -g3 -c -fmessage-length=0 -MT"src/main.o" -mcpu=cortex-a9 -mfpu=vfpv3 -mfloat-abi=hard -I../../int_bsp/ps7_cortexa9_0/include -MMD -MP -MF"src/main.d" -MT"src/main.o" -o "src/main.o" "../src/main.c"
../src/main.c: In function 'main':
../src/main.c:34:8: warning: unused variable 'Int_Id' [-Wunused-variable]
    int Int_Id;
        ^~~~~~
../src/main.c:33:8: warning: unused variable 'RegValue' [-Wunused-variable]
    int RegValue;
        ^~~~~~~~
'Finished building: ../src/main.c'
' '
'Building target: int.elf'
'Invoking: ARM v7 gcc linker'
arm-none-eabi-gcc -mcpu=cortex-a9 -mfpu=vfpv3 -mfloat-abi=hard -Wl,-build-id=none -specs=Xilinx.spec -Wl,-T -Wl,../src/lscript.ld -L../../int_bsp/ps7_cortexa9_0/lib -o "int.elf"  ./src/asm_vectors.o ./src/boot.o ./src/main.o ./src/translation_table.o   -Wl,--start-group,-lxil,-lgcc,-lc,--end-group
d:/vivado/install/sdk/2019.1/gnu/aarch32/nt/gcc-arm-none-eabi/bin/../lib/gcc/arm-none-eabi/8.2.0/../../../../arm-none-eabi/bin/ld.exe: ../../int_bsp/ps7_cortexa9_0/lib\libxil.a(vectors.o): in function `IRQInterrupt':
C:\Users\aiai\Desktop\study\FPGA\Xlinx\2020_12_5\oled_test\oled\oled.sdk\int_bsp\ps7_cortexa9_0\libsrc\standalone_v7_0\src/vectors.c:107: multiple definition of `IRQInterrupt'; ./src/main.o:C:\Users\aiai\Desktop\study\FPGA\Xlinx\2020_12_5\oled_test\oled\oled.sdk\int\Debug/../src/main.c:63: first defined here
collect2.exe: error: ld returned 1 exit status
make: *** [makefile:41: int.elf] Error 1
17:00:29 **** Auto Build of configuration Debug for project int ****
make pre-build main-build 
a9-linaro-pre-build-step
' '
'Building file: ../src/main.c'
'Invoking: ARM v7 gcc compiler'
arm-none-eabi-gcc -Wall -O0 -g3 -c -fmessage-length=0 -MT"src/main.o" -mcpu=cortex-a9 -mfpu=vfpv3 -mfloat-abi=hard -I../../int_bsp/ps7_cortexa9_0/include -MMD -MP -MF"src/main.d" -MT"src/main.o" -o "src/main.o" "../src/main.c"
../src/main.c: In function 'main':
../src/main.c:34:8: warning: unused variable 'Int_Id' [-Wunused-variable]
    int Int_Id;
        ^~~~~~
../src/main.c:33:8: warning: unused variable 'RegValue' [-Wunused-variable]
    int RegValue;
        ^~~~~~~~
'Finished building: ../src/main.c'
' '
'Building target: int.elf'
'Invoking: ARM v7 gcc linker'
arm-none-eabi-gcc -mcpu=cortex-a9 -mfpu=vfpv3 -mfloat-abi=hard -Wl,-build-id=none -specs=Xilinx.spec -Wl,-T -Wl,../src/lscript.ld -L../../int_bsp/ps7_cortexa9_0/lib -o "int.elf"  ./src/asm_vectors.o ./src/boot.o ./src/main.o ./src/translation_table.o   -Wl,--start-group,-lxil,-lgcc,-lc,--end-group
d:/vivado/install/sdk/2019.1/gnu/aarch32/nt/gcc-arm-none-eabi/bin/../lib/gcc/arm-none-eabi/8.2.0/../../../../arm-none-eabi/bin/ld.exe: ../../int_bsp/ps7_cortexa9_0/lib\libxil.a(vectors.o): in function `IRQInterrupt':
C:\Users\aiai\Desktop\study\FPGA\Xlinx\2020_12_5\oled_test\oled\oled.sdk\int_bsp\ps7_cortexa9_0\libsrc\standalone_v7_0\src/vectors.c:107: multiple definition of `IRQInterrupt'; ./src/main.o:C:\Users\aiai\Desktop\study\FPGA\Xlinx\2020_12_5\oled_test\oled\oled.sdk\int\Debug/../src/main.c:73: first defined here
collect2.exe: error: ld returned 1 exit status
make: *** [makefile:41: int.elf] Error 1
17:00:49 **** Auto Build of configuration Debug for project int ****
make pre-build main-build 
a9-linaro-pre-build-step
' '
'Building file: ../src/main.c'
'Invoking: ARM v7 gcc compiler'
arm-none-eabi-gcc -Wall -O0 -g3 -c -fmessage-length=0 -MT"src/main.o" -mcpu=cortex-a9 -mfpu=vfpv3 -mfloat-abi=hard -I../../int_bsp/ps7_cortexa9_0/include -MMD -MP -MF"src/main.d" -MT"src/main.o" -o "src/main.o" "../src/main.c"
../src/main.c: In function 'main':
../src/main.c:34:8: warning: unused variable 'Int_Id' [-Wunused-variable]
    int Int_Id;
        ^~~~~~
../src/main.c:33:8: warning: unused variable 'RegValue' [-Wunused-variable]
    int RegValue;
        ^~~~~~~~
'Finished building: ../src/main.c'
' '
'Building target: int.elf'
'Invoking: ARM v7 gcc linker'
arm-none-eabi-gcc -mcpu=cortex-a9 -mfpu=vfpv3 -mfloat-abi=hard -Wl,-build-id=none -specs=Xilinx.spec -Wl,-T -Wl,../src/lscript.ld -L../../int_bsp/ps7_cortexa9_0/lib -o "int.elf"  ./src/asm_vectors.o ./src/boot.o ./src/main.o ./src/translation_table.o   -Wl,--start-group,-lxil,-lgcc,-lc,--end-group
'Finished building target: int.elf'
' '
'Invoking: ARM v7 Print Size'
arm-none-eabi-size int.elf  |tee "int.elf.size"
   text	   data	    bss	    dec	    hex	filename
  17456	     12	  22568	  40036	   9c64	int.elf
'Finished building: int.elf.size'
' '
17:01:01 **** Auto Build of configuration Debug for project int ****
make pre-build main-build 
a9-linaro-pre-build-step
' '
'Building file: ../src/main.c'
'Invoking: ARM v7 gcc compiler'
arm-none-eabi-gcc -Wall -O0 -g3 -c -fmessage-length=0 -MT"src/main.o" -mcpu=cortex-a9 -mfpu=vfpv3 -mfloat-abi=hard -I../../int_bsp/ps7_cortexa9_0/include -MMD -MP -MF"src/main.d" -MT"src/main.o" -o "src/main.o" "../src/main.c"
../src/main.c: In function 'main':
../src/main.c:34:8: warning: unused variable 'Int_Id' [-Wunused-variable]
    int Int_Id;
        ^~~~~~
../src/main.c:33:8: warning: unused variable 'RegValue' [-Wunused-variable]
    int RegValue;
        ^~~~~~~~
'Finished building: ../src/main.c'
' '
'Building target: int.elf'
'Invoking: ARM v7 gcc linker'
arm-none-eabi-gcc -mcpu=cortex-a9 -mfpu=vfpv3 -mfloat-abi=hard -Wl,-build-id=none -specs=Xilinx.spec -Wl,-T -Wl,../src/lscript.ld -L../../int_bsp/ps7_cortexa9_0/lib -o "int.elf"  ./src/asm_vectors.o ./src/boot.o ./src/main.o ./src/translation_table.o   -Wl,--start-group,-lxil,-lgcc,-lc,--end-group
d:/vivado/install/sdk/2019.1/gnu/aarch32/nt/gcc-arm-none-eabi/bin/../lib/gcc/arm-none-eabi/8.2.0/../../../../arm-none-eabi/bin/ld.exe: ../../int_bsp/ps7_cortexa9_0/lib\libxil.a(vectors.o): in function `IRQInterrupt':
C:\Users\aiai\Desktop\study\FPGA\Xlinx\2020_12_5\oled_test\oled\oled.sdk\int_bsp\ps7_cortexa9_0\libsrc\standalone_v7_0\src/vectors.c:107: multiple definition of `IRQInterrupt'; ./src/main.o:C:\Users\aiai\Desktop\study\FPGA\Xlinx\2020_12_5\oled_test\oled\oled.sdk\int\Debug/../src/main.c:63: first defined here
collect2.exe: error: ld returned 1 exit status
make: *** [makefile:41: int.elf] Error 1
17:01:07 **** Auto Build of configuration Debug for project int ****
make pre-build main-build 
a9-linaro-pre-build-step
' '
'Building file: ../src/main.c'
'Invoking: ARM v7 gcc compiler'
arm-none-eabi-gcc -Wall -O0 -g3 -c -fmessage-length=0 -MT"src/main.o" -mcpu=cortex-a9 -mfpu=vfpv3 -mfloat-abi=hard -I../../int_bsp/ps7_cortexa9_0/include -MMD -MP -MF"src/main.d" -MT"src/main.o" -o "src/main.o" "../src/main.c"
../src/main.c: In function 'main':
../src/main.c:34:8: warning: unused variable 'Int_Id' [-Wunused-variable]
    int Int_Id;
        ^~~~~~
../src/main.c:33:8: warning: unused variable 'RegValue' [-Wunused-variable]
    int RegValue;
        ^~~~~~~~
'Finished building: ../src/main.c'
' '
'Building target: int.elf'
'Invoking: ARM v7 gcc linker'
arm-none-eabi-gcc -mcpu=cortex-a9 -mfpu=vfpv3 -mfloat-abi=hard -Wl,-build-id=none -specs=Xilinx.spec -Wl,-T -Wl,../src/lscript.ld -L../../int_bsp/ps7_cortexa9_0/lib -o "int.elf"  ./src/asm_vectors.o ./src/boot.o ./src/main.o ./src/translation_table.o   -Wl,--start-group,-lxil,-lgcc,-lc,--end-group
d:/vivado/install/sdk/2019.1/gnu/aarch32/nt/gcc-arm-none-eabi/bin/../lib/gcc/arm-none-eabi/8.2.0/../../../../arm-none-eabi/bin/ld.exe: ../../int_bsp/ps7_cortexa9_0/lib\libxil.a(vectors.o): in function `FIQInterrupt':
C:\Users\aiai\Desktop\study\FPGA\Xlinx\2020_12_5\oled_test\oled\oled.sdk\int_bsp\ps7_cortexa9_0\libsrc\standalone_v7_0\src/vectors.c:88: multiple definition of `FIQInterrupt'; ./src/main.o:C:\Users\aiai\Desktop\study\FPGA\Xlinx\2020_12_5\oled_test\oled\oled.sdk\int\Debug/../src/main.c:62: first defined here
d:/vivado/install/sdk/2019.1/gnu/aarch32/nt/gcc-arm-none-eabi/bin/../lib/gcc/arm-none-eabi/8.2.0/../../../../arm-none-eabi/bin/ld.exe: ../../int_bsp/ps7_cortexa9_0/lib\libxil.a(vectors.o): in function `IRQInterrupt':
C:\Users\aiai\Desktop\study\FPGA\Xlinx\2020_12_5\oled_test\oled\oled.sdk\int_bsp\ps7_cortexa9_0\libsrc\standalone_v7_0\src/vectors.c:107: multiple definition of `IRQInterrupt'; ./src/main.o:C:\Users\aiai\Desktop\study\FPGA\Xlinx\2020_12_5\oled_test\oled\oled.sdk\int\Debug/../src/main.c:67: first defined here
collect2.exe: error: ld returned 1 exit status
make: *** [makefile:41: int.elf] Error 1
17:01:15 **** Auto Build of configuration Debug for project int ****
make pre-build main-build 
a9-linaro-pre-build-step
' '
'Building file: ../src/main.c'
'Invoking: ARM v7 gcc compiler'
arm-none-eabi-gcc -Wall -O0 -g3 -c -fmessage-length=0 -MT"src/main.o" -mcpu=cortex-a9 -mfpu=vfpv3 -mfloat-abi=hard -I../../int_bsp/ps7_cortexa9_0/include -MMD -MP -MF"src/main.d" -MT"src/main.o" -o "src/main.o" "../src/main.c"
../src/main.c: In function 'main':
../src/main.c:34:8: warning: unused variable 'Int_Id' [-Wunused-variable]
    int Int_Id;
        ^~~~~~
../src/main.c:33:8: warning: unused variable 'RegValue' [-Wunused-variable]
    int RegValue;
        ^~~~~~~~
'Finished building: ../src/main.c'
' '
'Building target: int.elf'
'Invoking: ARM v7 gcc linker'
arm-none-eabi-gcc -mcpu=cortex-a9 -mfpu=vfpv3 -mfloat-abi=hard -Wl,-build-id=none -specs=Xilinx.spec -Wl,-T -Wl,../src/lscript.ld -L../../int_bsp/ps7_cortexa9_0/lib -o "int.elf"  ./src/asm_vectors.o ./src/boot.o ./src/main.o ./src/translation_table.o   -Wl,--start-group,-lxil,-lgcc,-lc,--end-group
'Finished building target: int.elf'
' '
'Invoking: ARM v7 Print Size'
arm-none-eabi-size int.elf  |tee "int.elf.size"
   text	   data	    bss	    dec	    hex	filename
  17456	     12	  22568	  40036	   9c64	int.elf
'Finished building: int.elf.size'
' '
17:01:27 **** Incremental Build of configuration Debug for project int ****
make pre-build main-build 
a9-linaro-pre-build-step
' '
make: Nothing to be done for 'main-build'.
17:01:33 **** Incremental Build of configuration Debug for project int ****
make pre-build main-build 
a9-linaro-pre-build-step
' '
make: Nothing to be done for 'main-build'.
17:01:58 **** Incremental Build of configuration Debug for project int ****
make pre-build main-build 
a9-linaro-pre-build-step
' '
make: Nothing to be done for 'main-build'.
17:02:27 **** Auto Build of configuration Debug for project int ****
make pre-build main-build 
a9-linaro-pre-build-step
' '
'Building file: ../src/main.c'
'Invoking: ARM v7 gcc compiler'
arm-none-eabi-gcc -Wall -O0 -g3 -c -fmessage-length=0 -MT"src/main.o" -mcpu=cortex-a9 -mfpu=vfpv3 -mfloat-abi=hard -I../../int_bsp/ps7_cortexa9_0/include -MMD -MP -MF"src/main.d" -MT"src/main.o" -o "src/main.o" "../src/main.c"
../src/main.c: In function 'main':
../src/main.c:34:8: warning: unused variable 'Int_Id' [-Wunused-variable]
    int Int_Id;
        ^~~~~~
../src/main.c:33:8: warning: unused variable 'RegValue' [-Wunused-variable]
    int RegValue;
        ^~~~~~~~
'Finished building: ../src/main.c'
' '
'Building target: int.elf'
'Invoking: ARM v7 gcc linker'
arm-none-eabi-gcc -mcpu=cortex-a9 -mfpu=vfpv3 -mfloat-abi=hard -Wl,-build-id=none -specs=Xilinx.spec -Wl,-T -Wl,../src/lscript.ld -L../../int_bsp/ps7_cortexa9_0/lib -o "int.elf"  ./src/asm_vectors.o ./src/boot.o ./src/main.o ./src/translation_table.o   -Wl,--start-group,-lxil,-lgcc,-lc,--end-group
'Finished building target: int.elf'
' '
'Invoking: ARM v7 Print Size'
arm-none-eabi-size int.elf  |tee "int.elf.size"
   text	   data	    bss	    dec	    hex	filename
  17424	     12	  22568	  40004	   9c44	int.elf
'Finished building: int.elf.size'
' '
17:02:29 **** Incremental Build of configuration Debug for project int ****
make pre-build main-build 
a9-linaro-pre-build-step
' '
make: Nothing to be done for 'main-build'.
17:06:05 **** Auto Build of configuration Debug for project int ****
make pre-build main-build 
a9-linaro-pre-build-step
' '
'Building file: ../src/main.c'
'Invoking: ARM v7 gcc compiler'
arm-none-eabi-gcc -Wall -O0 -g3 -c -fmessage-length=0 -MT"src/main.o" -mcpu=cortex-a9 -mfpu=vfpv3 -mfloat-abi=hard -I../../int_bsp/ps7_cortexa9_0/include -MMD -MP -MF"src/main.d" -MT"src/main.o" -o "src/main.o" "../src/main.c"
'Finished building: ../src/main.c'
' '
'Building target: int.elf'
'Invoking: ARM v7 gcc linker'
arm-none-eabi-gcc -mcpu=cortex-a9 -mfpu=vfpv3 -mfloat-abi=hard -Wl,-build-id=none -specs=Xilinx.spec -Wl,-T -Wl,../src/lscript.ld -L../../int_bsp/ps7_cortexa9_0/lib -o "int.elf"  ./src/asm_vectors.o ./src/boot.o ./src/main.o ./src/translation_table.o   -Wl,--start-group,-lxil,-lgcc,-lc,--end-group
'Finished building target: int.elf'
' '
'Invoking: ARM v7 Print Size'
arm-none-eabi-size int.elf  |tee "int.elf.size"
   text	   data	    bss	    dec	    hex	filename
  18076	     12	  22568	  40656	   9ed0	int.elf
'Finished building: int.elf.size'
' '
17:06:11 **** Incremental Build of configuration Debug for project int ****
make pre-build main-build 
a9-linaro-pre-build-step
' '
make: Nothing to be done for 'main-build'.
17:08:25 **** Incremental Build of configuration Debug for project int ****
make pre-build main-build 
a9-linaro-pre-build-step
' '
'Building file: ../src/main.c'
'Invoking: ARM v7 gcc compiler'
arm-none-eabi-gcc -Wall -O0 -g3 -c -fmessage-length=0 -MT"src/main.o" -mcpu=cortex-a9 -mfpu=vfpv3 -mfloat-abi=hard -I../../int_bsp/ps7_cortexa9_0/include -MMD -MP -MF"src/main.d" -MT"src/main.o" -o "src/main.o" "../src/main.c"
'Finished building: ../src/main.c'
' '
'Building target: int.elf'
'Invoking: ARM v7 gcc linker'
arm-none-eabi-gcc -mcpu=cortex-a9 -mfpu=vfpv3 -mfloat-abi=hard -Wl,-build-id=none -specs=Xilinx.spec -Wl,-T -Wl,../src/lscript.ld -L../../int_bsp/ps7_cortexa9_0/lib -o "int.elf"  ./src/asm_vectors.o ./src/boot.o ./src/main.o ./src/translation_table.o   -Wl,--start-group,-lxil,-lgcc,-lc,--end-group
'Finished building target: int.elf'
' '
'Invoking: ARM v7 Print Size'
arm-none-eabi-size int.elf  |tee "int.elf.size"
   text	   data	    bss	    dec	    hex	filename
  18076	     12	  22568	  40656	   9ed0	int.elf
'Finished building: int.elf.size'
' '
17:14:42 **** Incremental Build of configuration Debug for project int ****
make pre-build main-build 
a9-linaro-pre-build-step
' '
'Building file: ../src/main.c'
'Invoking: ARM v7 gcc compiler'
arm-none-eabi-gcc -Wall -O0 -g3 -c -fmessage-length=0 -MT"src/main.o" -mcpu=cortex-a9 -mfpu=vfpv3 -mfloat-abi=hard -I../../int_bsp/ps7_cortexa9_0/include -MMD -MP -MF"src/main.d" -MT"src/main.o" -o "src/main.o" "../src/main.c"
'Finished building: ../src/main.c'
' '
'Building target: int.elf'
'Invoking: ARM v7 gcc linker'
arm-none-eabi-gcc -mcpu=cortex-a9 -mfpu=vfpv3 -mfloat-abi=hard -Wl,-build-id=none -specs=Xilinx.spec -Wl,-T -Wl,../src/lscript.ld -L../../int_bsp/ps7_cortexa9_0/lib -o "int.elf"  ./src/asm_vectors.o ./src/boot.o ./src/main.o ./src/translation_table.o   -Wl,--start-group,-lxil,-lgcc,-lc,--end-group
'Finished building target: int.elf'
' '
'Invoking: ARM v7 Print Size'
arm-none-eabi-size int.elf  |tee "int.elf.size"
   text	   data	    bss	    dec	    hex	filename
  18076	     12	  22568	  40656	   9ed0	int.elf
'Finished building: int.elf.size'
' '
17:15:50 **** Auto Build of configuration Debug for project int ****
make pre-build main-build 
a9-linaro-pre-build-step
' '
'Building file: ../src/main.c'
'Invoking: ARM v7 gcc compiler'
arm-none-eabi-gcc -Wall -O0 -g3 -c -fmessage-length=0 -MT"src/main.o" -mcpu=cortex-a9 -mfpu=vfpv3 -mfloat-abi=hard -I../../int_bsp/ps7_cortexa9_0/include -MMD -MP -MF"src/main.d" -MT"src/main.o" -o "src/main.o" "../src/main.c"
../src/main.c: In function 'main':
../src/main.c:33:11: warning: unused variable 'RegValue' [-Wunused-variable]
       int RegValue;
           ^~~~~~~~
'Finished building: ../src/main.c'
' '
'Building target: int.elf'
'Invoking: ARM v7 gcc linker'
arm-none-eabi-gcc -mcpu=cortex-a9 -mfpu=vfpv3 -mfloat-abi=hard -Wl,-build-id=none -specs=Xilinx.spec -Wl,-T -Wl,../src/lscript.ld -L../../int_bsp/ps7_cortexa9_0/lib -o "int.elf"  ./src/asm_vectors.o ./src/boot.o ./src/main.o ./src/translation_table.o   -Wl,--start-group,-lxil,-lgcc,-lc,--end-group
'Finished building target: int.elf'
' '
'Invoking: ARM v7 Print Size'
arm-none-eabi-size int.elf  |tee "int.elf.size"
   text	   data	    bss	    dec	    hex	filename
  17912	     12	  22568	  40492	   9e2c	int.elf
'Finished building: int.elf.size'
' '
17:15:51 **** Incremental Build of configuration Debug for project int ****
make pre-build main-build 
a9-linaro-pre-build-step
' '
make: Nothing to be done for 'main-build'.
17:18:42 **** Incremental Build of configuration Debug for project int ****
make pre-build main-build 
a9-linaro-pre-build-step
' '
'Building file: ../src/main.c'
'Invoking: ARM v7 gcc compiler'
arm-none-eabi-gcc -Wall -O0 -g3 -c -fmessage-length=0 -MT"src/main.o" -mcpu=cortex-a9 -mfpu=vfpv3 -mfloat-abi=hard -I../../int_bsp/ps7_cortexa9_0/include -MMD -MP -MF"src/main.d" -MT"src/main.o" -o "src/main.o" "../src/main.c"
'Finished building: ../src/main.c'
' '
'Building target: int.elf'
'Invoking: ARM v7 gcc linker'
arm-none-eabi-gcc -mcpu=cortex-a9 -mfpu=vfpv3 -mfloat-abi=hard -Wl,-build-id=none -specs=Xilinx.spec -Wl,-T -Wl,../src/lscript.ld -L../../int_bsp/ps7_cortexa9_0/lib -o "int.elf"  ./src/asm_vectors.o ./src/boot.o ./src/main.o ./src/translation_table.o   -Wl,--start-group,-lxil,-lgcc,-lc,--end-group
'Finished building target: int.elf'
' '
'Invoking: ARM v7 Print Size'
arm-none-eabi-size int.elf  |tee "int.elf.size"
   text	   data	    bss	    dec	    hex	filename
  18076	     12	  22568	  40656	   9ed0	int.elf
'Finished building: int.elf.size'
' '
19:20:58 **** Auto Build of configuration Debug for project int ****
make pre-build main-build 
a9-linaro-pre-build-step
' '
'Building file: ../src/main.c'
'Invoking: ARM v7 gcc compiler'
arm-none-eabi-gcc -Wall -O0 -g3 -c -fmessage-length=0 -MT"src/main.o" -mcpu=cortex-a9 -mfpu=vfpv3 -mfloat-abi=hard -I../../int_bsp/ps7_cortexa9_0/include -MMD -MP -MF"src/main.d" -MT"src/main.o" -o "src/main.o" "../src/main.c"
../src/main.c: In function 'main':
../src/main.c:33:11: warning: unused variable 'Int_Id' [-Wunused-variable]
       int Int_Id;
           ^~~~~~
../src/main.c:32:11: warning: unused variable 'RegValue' [-Wunused-variable]
       int RegValue;
           ^~~~~~~~
'Finished building: ../src/main.c'
' '
'Building target: int.elf'
'Invoking: ARM v7 gcc linker'
arm-none-eabi-gcc -mcpu=cortex-a9 -mfpu=vfpv3 -mfloat-abi=hard -Wl,-build-id=none -specs=Xilinx.spec -Wl,-T -Wl,../src/lscript.ld -L../../int_bsp/ps7_cortexa9_0/lib -o "int.elf"  ./src/asm_vectors.o ./src/boot.o ./src/main.o ./src/translation_table.o   -Wl,--start-group,-lxil,-lgcc,-lc,--end-group
'Finished building target: int.elf'
' '
'Invoking: ARM v7 Print Size'
arm-none-eabi-size int.elf  |tee "int.elf.size"
   text	   data	    bss	    dec	    hex	filename
  17520	     12	  22568	  40100	   9ca4	int.elf
'Finished building: int.elf.size'
' '
19:21:00 **** Incremental Build of configuration Debug for project int ****
make pre-build main-build 
a9-linaro-pre-build-step
' '
make: Nothing to be done for 'main-build'.
19:21:42 **** Auto Build of configuration Debug for project int ****
make pre-build main-build 
a9-linaro-pre-build-step
' '
'Building file: ../src/main.c'
'Invoking: ARM v7 gcc compiler'
arm-none-eabi-gcc -Wall -O0 -g3 -c -fmessage-length=0 -MT"src/main.o" -mcpu=cortex-a9 -mfpu=vfpv3 -mfloat-abi=hard -I../../int_bsp/ps7_cortexa9_0/include -MMD -MP -MF"src/main.d" -MT"src/main.o" -o "src/main.o" "../src/main.c"
../src/main.c: In function 'main':
../src/main.c:33:11: warning: unused variable 'Int_Id' [-Wunused-variable]
       int Int_Id;
           ^~~~~~
../src/main.c:32:11: warning: unused variable 'RegValue' [-Wunused-variable]
       int RegValue;
           ^~~~~~~~
'Finished building: ../src/main.c'
' '
'Building target: int.elf'
'Invoking: ARM v7 gcc linker'
arm-none-eabi-gcc -mcpu=cortex-a9 -mfpu=vfpv3 -mfloat-abi=hard -Wl,-build-id=none -specs=Xilinx.spec -Wl,-T -Wl,../src/lscript.ld -L../../int_bsp/ps7_cortexa9_0/lib -o "int.elf"  ./src/asm_vectors.o ./src/boot.o ./src/main.o ./src/translation_table.o   -Wl,--start-group,-lxil,-lgcc,-lc,--end-group
'Finished building target: int.elf'
' '
'Invoking: ARM v7 Print Size'
arm-none-eabi-size int.elf  |tee "int.elf.size"
   text	   data	    bss	    dec	    hex	filename
  17424	     12	  22568	  40004	   9c44	int.elf
'Finished building: int.elf.size'
' '
19:21:44 **** Incremental Build of configuration Debug for project int ****
make pre-build main-build 
a9-linaro-pre-build-step
' '
make: Nothing to be done for 'main-build'.
19:25:29 **** Auto Build of configuration Debug for project int ****
make pre-build main-build 
a9-linaro-pre-build-step
' '
'Building file: ../src/main.c'
'Invoking: ARM v7 gcc compiler'
arm-none-eabi-gcc -Wall -O0 -g3 -c -fmessage-length=0 -MT"src/main.o" -mcpu=cortex-a9 -mfpu=vfpv3 -mfloat-abi=hard -I../../int_bsp/ps7_cortexa9_0/include -MMD -MP -MF"src/main.d" -MT"src/main.o" -o "src/main.o" "../src/main.c"
../src/main.c: In function 'main':
../src/main.c:33:11: warning: unused variable 'Int_Id' [-Wunused-variable]
       int Int_Id;
           ^~~~~~
../src/main.c:32:11: warning: unused variable 'RegValue' [-Wunused-variable]
       int RegValue;
           ^~~~~~~~
'Finished building: ../src/main.c'
' '
'Building target: int.elf'
'Invoking: ARM v7 gcc linker'
arm-none-eabi-gcc -mcpu=cortex-a9 -mfpu=vfpv3 -mfloat-abi=hard -Wl,-build-id=none -specs=Xilinx.spec -Wl,-T -Wl,../src/lscript.ld -L../../int_bsp/ps7_cortexa9_0/lib -o "int.elf"  ./src/asm_vectors.o ./src/boot.o ./src/main.o ./src/translation_table.o   -Wl,--start-group,-lxil,-lgcc,-lc,--end-group
'Finished building target: int.elf'
' '
'Invoking: ARM v7 Print Size'
arm-none-eabi-size int.elf  |tee "int.elf.size"
   text	   data	    bss	    dec	    hex	filename
  17424	     12	  22568	  40004	   9c44	int.elf
'Finished building: int.elf.size'
' '
19:25:31 **** Incremental Build of configuration Debug for project int ****
make pre-build main-build 
a9-linaro-pre-build-step
' '
make: Nothing to be done for 'main-build'.
19:26:12 **** Auto Build of configuration Debug for project int ****
make pre-build main-build 
a9-linaro-pre-build-step
' '
'Building file: ../src/main.c'
'Invoking: ARM v7 gcc compiler'
arm-none-eabi-gcc -Wall -O0 -g3 -c -fmessage-length=0 -MT"src/main.o" -mcpu=cortex-a9 -mfpu=vfpv3 -mfloat-abi=hard -I../../int_bsp/ps7_cortexa9_0/include -MMD -MP -MF"src/main.d" -MT"src/main.o" -o "src/main.o" "../src/main.c"
../src/main.c: In function 'main':
../src/main.c:33:11: warning: unused variable 'Int_Id' [-Wunused-variable]
       int Int_Id;
           ^~~~~~
../src/main.c:32:11: warning: unused variable 'RegValue' [-Wunused-variable]
       int RegValue;
           ^~~~~~~~
'Finished building: ../src/main.c'
' '
'Building target: int.elf'
'Invoking: ARM v7 gcc linker'
arm-none-eabi-gcc -mcpu=cortex-a9 -mfpu=vfpv3 -mfloat-abi=hard -Wl,-build-id=none -specs=Xilinx.spec -Wl,-T -Wl,../src/lscript.ld -L../../int_bsp/ps7_cortexa9_0/lib -o "int.elf"  ./src/asm_vectors.o ./src/boot.o ./src/main.o ./src/translation_table.o   -Wl,--start-group,-lxil,-lgcc,-lc,--end-group
'Finished building target: int.elf'
' '
'Invoking: ARM v7 Print Size'
arm-none-eabi-size int.elf  |tee "int.elf.size"
   text	   data	    bss	    dec	    hex	filename
  17424	     12	  22568	  40004	   9c44	int.elf
'Finished building: int.elf.size'
' '
19:26:13 **** Incremental Build of configuration Debug for project int ****
make pre-build main-build 
a9-linaro-pre-build-step
' '
make: Nothing to be done for 'main-build'.
19:28:32 **** Auto Build of configuration Debug for project int ****
make pre-build main-build 
a9-linaro-pre-build-step
' '
'Building file: ../src/main.c'
'Invoking: ARM v7 gcc compiler'
arm-none-eabi-gcc -Wall -O0 -g3 -c -fmessage-length=0 -MT"src/main.o" -mcpu=cortex-a9 -mfpu=vfpv3 -mfloat-abi=hard -I../../int_bsp/ps7_cortexa9_0/include -MMD -MP -MF"src/main.d" -MT"src/main.o" -o "src/main.o" "../src/main.c"
../src/main.c: In function 'main':
../src/main.c:51:7: warning: implicit declaration of function 'sleep' [-Wimplicit-function-declaration]
       sleep(1);
       ^~~~~
../src/main.c:36:11: warning: unused variable 'Int_Id' [-Wunused-variable]
       int Int_Id;
           ^~~~~~
../src/main.c:35:11: warning: unused variable 'RegValue' [-Wunused-variable]
       int RegValue;
           ^~~~~~~~
'Finished building: ../src/main.c'
' '
'Building target: int.elf'
'Invoking: ARM v7 gcc linker'
arm-none-eabi-gcc -mcpu=cortex-a9 -mfpu=vfpv3 -mfloat-abi=hard -Wl,-build-id=none -specs=Xilinx.spec -Wl,-T -Wl,../src/lscript.ld -L../../int_bsp/ps7_cortexa9_0/lib -o "int.elf"  ./src/asm_vectors.o ./src/boot.o ./src/main.o ./src/translation_table.o   -Wl,--start-group,-lxil,-lgcc,-lc,--end-group
'Finished building target: int.elf'
' '
'Invoking: ARM v7 Print Size'
arm-none-eabi-size int.elf  |tee "int.elf.size"
   text	   data	    bss	    dec	    hex	filename
  17684	     12	  22568	  40264	   9d48	int.elf
'Finished building: int.elf.size'
' '
19:28:35 **** Incremental Build of configuration Debug for project int ****
make pre-build main-build 
a9-linaro-pre-build-step
' '
make: Nothing to be done for 'main-build'.
19:28:55 **** Auto Build of configuration Debug for project int ****
make pre-build main-build 
a9-linaro-pre-build-step
' '
'Building file: ../src/main.c'
'Invoking: ARM v7 gcc compiler'
arm-none-eabi-gcc -Wall -O0 -g3 -c -fmessage-length=0 -MT"src/main.o" -mcpu=cortex-a9 -mfpu=vfpv3 -mfloat-abi=hard -I../../int_bsp/ps7_cortexa9_0/include -MMD -MP -MF"src/main.d" -MT"src/main.o" -o "src/main.o" "../src/main.c"
../src/main.c: In function 'main':
../src/main.c:51:7: warning: implicit declaration of function 'sleep' [-Wimplicit-function-declaration]
       sleep(1);
       ^~~~~
../src/main.c:36:11: warning: unused variable 'Int_Id' [-Wunused-variable]
       int Int_Id;
           ^~~~~~
../src/main.c:35:11: warning: unused variable 'RegValue' [-Wunused-variable]
       int RegValue;
           ^~~~~~~~
'Finished building: ../src/main.c'
' '
'Building target: int.elf'
'Invoking: ARM v7 gcc linker'
arm-none-eabi-gcc -mcpu=cortex-a9 -mfpu=vfpv3 -mfloat-abi=hard -Wl,-build-id=none -specs=Xilinx.spec -Wl,-T -Wl,../src/lscript.ld -L../../int_bsp/ps7_cortexa9_0/lib -o "int.elf"  ./src/asm_vectors.o ./src/boot.o ./src/main.o ./src/translation_table.o   -Wl,--start-group,-lxil,-lgcc,-lc,--end-group
'Finished building target: int.elf'
' '
'Invoking: ARM v7 Print Size'
arm-none-eabi-size int.elf  |tee "int.elf.size"
   text	   data	    bss	    dec	    hex	filename
  17656	     12	  22568	  40236	   9d2c	int.elf
'Finished building: int.elf.size'
' '
19:28:58 **** Incremental Build of configuration Debug for project int ****
make pre-build main-build 
a9-linaro-pre-build-step
' '
make: Nothing to be done for 'main-build'.
19:30:07 **** Auto Build of configuration Debug for project int ****
make pre-build main-build 
a9-linaro-pre-build-step
' '
'Building file: ../src/main.c'
'Invoking: ARM v7 gcc compiler'
arm-none-eabi-gcc -Wall -O0 -g3 -c -fmessage-length=0 -MT"src/main.o" -mcpu=cortex-a9 -mfpu=vfpv3 -mfloat-abi=hard -I../../int_bsp/ps7_cortexa9_0/include -MMD -MP -MF"src/main.d" -MT"src/main.o" -o "src/main.o" "../src/main.c"
'Finished building: ../src/main.c'
' '
'Building target: int.elf'
'Invoking: ARM v7 gcc linker'
arm-none-eabi-gcc -mcpu=cortex-a9 -mfpu=vfpv3 -mfloat-abi=hard -Wl,-build-id=none -specs=Xilinx.spec -Wl,-T -Wl,../src/lscript.ld -L../../int_bsp/ps7_cortexa9_0/lib -o "int.elf"  ./src/asm_vectors.o ./src/boot.o ./src/main.o ./src/translation_table.o   -Wl,--start-group,-lxil,-lgcc,-lc,--end-group
'Finished building target: int.elf'
' '
'Invoking: ARM v7 Print Size'
arm-none-eabi-size int.elf  |tee "int.elf.size"
   text	   data	    bss	    dec	    hex	filename
  18076	     12	  22568	  40656	   9ed0	int.elf
'Finished building: int.elf.size'
' '
19:30:11 **** Incremental Build of configuration Debug for project int ****
make pre-build main-build 
a9-linaro-pre-build-step
' '
make: Nothing to be done for 'main-build'.
19:35:43 **** Auto Build of configuration Debug for project int ****
make pre-build main-build 
a9-linaro-pre-build-step
' '
'Building file: ../src/main.c'
'Invoking: ARM v7 gcc compiler'
arm-none-eabi-gcc -Wall -O0 -g3 -c -fmessage-length=0 -MT"src/main.o" -mcpu=cortex-a9 -mfpu=vfpv3 -mfloat-abi=hard -I../../int_bsp/ps7_cortexa9_0/include -MMD -MP -MF"src/main.d" -MT"src/main.o" -o "src/main.o" "../src/main.c"
'Finished building: ../src/main.c'
' '
'Building target: int.elf'
'Invoking: ARM v7 gcc linker'
arm-none-eabi-gcc -mcpu=cortex-a9 -mfpu=vfpv3 -mfloat-abi=hard -Wl,-build-id=none -specs=Xilinx.spec -Wl,-T -Wl,../src/lscript.ld -L../../int_bsp/ps7_cortexa9_0/lib -o "int.elf"  ./src/asm_vectors.o ./src/boot.o ./src/main.o ./src/translation_table.o   -Wl,--start-group,-lxil,-lgcc,-lc,--end-group
'Finished building target: int.elf'
' '
'Invoking: ARM v7 Print Size'
arm-none-eabi-size int.elf  |tee "int.elf.size"
   text	   data	    bss	    dec	    hex	filename
  18076	     12	  22568	  40656	   9ed0	int.elf
'Finished building: int.elf.size'
' '
19:35:45 **** Incremental Build of configuration Debug for project int ****
make pre-build main-build 
a9-linaro-pre-build-step
' '
make: Nothing to be done for 'main-build'.
19:36:52 **** Auto Build of configuration Debug for project int ****
make pre-build main-build 
a9-linaro-pre-build-step
' '
'Building file: ../src/main.c'
'Invoking: ARM v7 gcc compiler'
arm-none-eabi-gcc -Wall -O0 -g3 -c -fmessage-length=0 -MT"src/main.o" -mcpu=cortex-a9 -mfpu=vfpv3 -mfloat-abi=hard -I../../int_bsp/ps7_cortexa9_0/include -MMD -MP -MF"src/main.d" -MT"src/main.o" -o "src/main.o" "../src/main.c"
../src/main.c: In function 'main':
../src/main.c:33:8: warning: unused variable 'Int_Id' [-Wunused-variable]
    int Int_Id;
        ^~~~~~
../src/main.c:32:8: warning: unused variable 'RegValue' [-Wunused-variable]
    int RegValue;
        ^~~~~~~~
'Finished building: ../src/main.c'
' '
'Building target: int.elf'
'Invoking: ARM v7 gcc linker'
arm-none-eabi-gcc -mcpu=cortex-a9 -mfpu=vfpv3 -mfloat-abi=hard -Wl,-build-id=none -specs=Xilinx.spec -Wl,-T -Wl,../src/lscript.ld -L../../int_bsp/ps7_cortexa9_0/lib -o "int.elf"  ./src/asm_vectors.o ./src/boot.o ./src/main.o ./src/translation_table.o   -Wl,--start-group,-lxil,-lgcc,-lc,--end-group
'Finished building target: int.elf'
' '
'Invoking: ARM v7 Print Size'
arm-none-eabi-size int.elf  |tee "int.elf.size"
   text	   data	    bss	    dec	    hex	filename
  17424	     12	  22568	  40004	   9c44	int.elf
'Finished building: int.elf.size'
' '
19:36:54 **** Incremental Build of configuration Debug for project int ****
make pre-build main-build 
a9-linaro-pre-build-step
' '
make: Nothing to be done for 'main-build'.
19:37:39 **** Auto Build of configuration Debug for project int ****
make pre-build main-build 
a9-linaro-pre-build-step
' '
'Building file: ../src/main.c'
'Invoking: ARM v7 gcc compiler'
arm-none-eabi-gcc -Wall -O0 -g3 -c -fmessage-length=0 -MT"src/main.o" -mcpu=cortex-a9 -mfpu=vfpv3 -mfloat-abi=hard -I../../int_bsp/ps7_cortexa9_0/include -MMD -MP -MF"src/main.d" -MT"src/main.o" -o "src/main.o" "../src/main.c"
'Finished building: ../src/main.c'
' '
'Building target: int.elf'
'Invoking: ARM v7 gcc linker'
arm-none-eabi-gcc -mcpu=cortex-a9 -mfpu=vfpv3 -mfloat-abi=hard -Wl,-build-id=none -specs=Xilinx.spec -Wl,-T -Wl,../src/lscript.ld -L../../int_bsp/ps7_cortexa9_0/lib -o "int.elf"  ./src/asm_vectors.o ./src/boot.o ./src/main.o ./src/translation_table.o   -Wl,--start-group,-lxil,-lgcc,-lc,--end-group
'Finished building target: int.elf'
' '
'Invoking: ARM v7 Print Size'
arm-none-eabi-size int.elf  |tee "int.elf.size"
   text	   data	    bss	    dec	    hex	filename
  18076	     12	  22568	  40656	   9ed0	int.elf
'Finished building: int.elf.size'
' '
19:37:44 **** Incremental Build of configuration Debug for project int ****
make pre-build main-build 
a9-linaro-pre-build-step
' '
make: Nothing to be done for 'main-build'.
19:41:09 **** Auto Build of configuration Debug for project int ****
make pre-build main-build 
a9-linaro-pre-build-step
' '
'Building file: ../src/main.c'
'Invoking: ARM v7 gcc compiler'
arm-none-eabi-gcc -Wall -O0 -g3 -c -fmessage-length=0 -MT"src/main.o" -mcpu=cortex-a9 -mfpu=vfpv3 -mfloat-abi=hard -I../../int_bsp/ps7_cortexa9_0/include -MMD -MP -MF"src/main.d" -MT"src/main.o" -o "src/main.o" "../src/main.c"
'Finished building: ../src/main.c'
' '
'Building target: int.elf'
'Invoking: ARM v7 gcc linker'
arm-none-eabi-gcc -mcpu=cortex-a9 -mfpu=vfpv3 -mfloat-abi=hard -Wl,-build-id=none -specs=Xilinx.spec -Wl,-T -Wl,../src/lscript.ld -L../../int_bsp/ps7_cortexa9_0/lib -o "int.elf"  ./src/asm_vectors.o ./src/boot.o ./src/main.o ./src/translation_table.o   -Wl,--start-group,-lxil,-lgcc,-lc,--end-group
'Finished building target: int.elf'
' '
'Invoking: ARM v7 Print Size'
arm-none-eabi-size int.elf  |tee "int.elf.size"
   text	   data	    bss	    dec	    hex	filename
  18076	     12	  22568	  40656	   9ed0	int.elf
'Finished building: int.elf.size'
' '
19:41:11 **** Incremental Build of configuration Debug for project int ****
make pre-build main-build 
a9-linaro-pre-build-step
' '
make: Nothing to be done for 'main-build'.
19:41:44 **** Auto Build of configuration Debug for project int ****
make pre-build main-build 
a9-linaro-pre-build-step
' '
'Building file: ../src/main.c'
'Invoking: ARM v7 gcc compiler'
arm-none-eabi-gcc -Wall -O0 -g3 -c -fmessage-length=0 -MT"src/main.o" -mcpu=cortex-a9 -mfpu=vfpv3 -mfloat-abi=hard -I../../int_bsp/ps7_cortexa9_0/include -MMD -MP -MF"src/main.d" -MT"src/main.o" -o "src/main.o" "../src/main.c"
'Finished building: ../src/main.c'
' '
'Building target: int.elf'
'Invoking: ARM v7 gcc linker'
arm-none-eabi-gcc -mcpu=cortex-a9 -mfpu=vfpv3 -mfloat-abi=hard -Wl,-build-id=none -specs=Xilinx.spec -Wl,-T -Wl,../src/lscript.ld -L../../int_bsp/ps7_cortexa9_0/lib -o "int.elf"  ./src/asm_vectors.o ./src/boot.o ./src/main.o ./src/translation_table.o   -Wl,--start-group,-lxil,-lgcc,-lc,--end-group
'Finished building target: int.elf'
' '
'Invoking: ARM v7 Print Size'
arm-none-eabi-size int.elf  |tee "int.elf.size"
   text	   data	    bss	    dec	    hex	filename
  18076	     12	  22568	  40656	   9ed0	int.elf
'Finished building: int.elf.size'
' '
19:41:46 **** Incremental Build of configuration Debug for project int ****
make pre-build main-build 
a9-linaro-pre-build-step
' '
make: Nothing to be done for 'main-build'.
19:49:34 **** Auto Build of configuration Debug for project int ****
make pre-build main-build 
a9-linaro-pre-build-step
' '
'Building file: ../src/main.c'
'Invoking: ARM v7 gcc compiler'
arm-none-eabi-gcc -Wall -O0 -g3 -c -fmessage-length=0 -MT"src/main.o" -mcpu=cortex-a9 -mfpu=vfpv3 -mfloat-abi=hard -I../../int_bsp/ps7_cortexa9_0/include -MMD -MP -MF"src/main.d" -MT"src/main.o" -o "src/main.o" "../src/main.c"
'Finished building: ../src/main.c'
' '
'Building target: int.elf'
'Invoking: ARM v7 gcc linker'
arm-none-eabi-gcc -mcpu=cortex-a9 -mfpu=vfpv3 -mfloat-abi=hard -Wl,-build-id=none -specs=Xilinx.spec -Wl,-T -Wl,../src/lscript.ld -L../../int_bsp/ps7_cortexa9_0/lib -o "int.elf"  ./src/asm_vectors.o ./src/boot.o ./src/main.o ./src/translation_table.o   -Wl,--start-group,-lxil,-lgcc,-lc,--end-group
'Finished building target: int.elf'
' '
'Invoking: ARM v7 Print Size'
arm-none-eabi-size int.elf  |tee "int.elf.size"
   text	   data	    bss	    dec	    hex	filename
  18076	     12	  22568	  40656	   9ed0	int.elf
'Finished building: int.elf.size'
' '
19:49:36 **** Incremental Build of configuration Debug for project int ****
make pre-build main-build 
a9-linaro-pre-build-step
' '
make: Nothing to be done for 'main-build'.
19:50:13 **** Incremental Build of configuration Debug for project int ****
make pre-build main-build 
a9-linaro-pre-build-step
' '
'Building file: ../src/main.c'
'Invoking: ARM v7 gcc compiler'
arm-none-eabi-gcc -Wall -O0 -g3 -c -fmessage-length=0 -MT"src/main.o" -mcpu=cortex-a9 -mfpu=vfpv3 -mfloat-abi=hard -I../../int_bsp/ps7_cortexa9_0/include -MMD -MP -MF"src/main.d" -MT"src/main.o" -o "src/main.o" "../src/main.c"
../src/main.c: In function 'main':
../src/main.c:33:8: warning: unused variable 'Int_Id' [-Wunused-variable]
    int Int_Id;
        ^~~~~~
'Finished building: ../src/main.c'
' '
'Building target: int.elf'
'Invoking: ARM v7 gcc linker'
arm-none-eabi-gcc -mcpu=cortex-a9 -mfpu=vfpv3 -mfloat-abi=hard -Wl,-build-id=none -specs=Xilinx.spec -Wl,-T -Wl,../src/lscript.ld -L../../int_bsp/ps7_cortexa9_0/lib -o "int.elf"  ./src/asm_vectors.o ./src/boot.o ./src/main.o ./src/translation_table.o   -Wl,--start-group,-lxil,-lgcc,-lc,--end-group
'Finished building target: int.elf'
' '
'Invoking: ARM v7 Print Size'
arm-none-eabi-size int.elf  |tee "int.elf.size"
   text	   data	    bss	    dec	    hex	filename
  17656	     12	  22568	  40236	   9d2c	int.elf
'Finished building: int.elf.size'
' '
19:51:14 **** Incremental Build of configuration Debug for project int ****
make pre-build main-build 
a9-linaro-pre-build-step
' '
'Building file: ../src/main.c'
'Invoking: ARM v7 gcc compiler'
arm-none-eabi-gcc -Wall -O0 -g3 -c -fmessage-length=0 -MT"src/main.o" -mcpu=cortex-a9 -mfpu=vfpv3 -mfloat-abi=hard -I../../int_bsp/ps7_cortexa9_0/include -MMD -MP -MF"src/main.d" -MT"src/main.o" -o "src/main.o" "../src/main.c"
'Finished building: ../src/main.c'
' '
'Building target: int.elf'
'Invoking: ARM v7 gcc linker'
arm-none-eabi-gcc -mcpu=cortex-a9 -mfpu=vfpv3 -mfloat-abi=hard -Wl,-build-id=none -specs=Xilinx.spec -Wl,-T -Wl,../src/lscript.ld -L../../int_bsp/ps7_cortexa9_0/lib -o "int.elf"  ./src/asm_vectors.o ./src/boot.o ./src/main.o ./src/translation_table.o   -Wl,--start-group,-lxil,-lgcc,-lc,--end-group
'Finished building target: int.elf'
' '
'Invoking: ARM v7 Print Size'
arm-none-eabi-size int.elf  |tee "int.elf.size"
   text	   data	    bss	    dec	    hex	filename
  17844	     12	  22568	  40424	   9de8	int.elf
'Finished building: int.elf.size'
' '
19:51:52 **** Incremental Build of configuration Debug for project int ****
make pre-build main-build 
a9-linaro-pre-build-step
' '
'Building file: ../src/main.c'
'Invoking: ARM v7 gcc compiler'
arm-none-eabi-gcc -Wall -O0 -g3 -c -fmessage-length=0 -MT"src/main.o" -mcpu=cortex-a9 -mfpu=vfpv3 -mfloat-abi=hard -I../../int_bsp/ps7_cortexa9_0/include -MMD -MP -MF"src/main.d" -MT"src/main.o" -o "src/main.o" "../src/main.c"
'Finished building: ../src/main.c'
' '
'Building target: int.elf'
'Invoking: ARM v7 gcc linker'
arm-none-eabi-gcc -mcpu=cortex-a9 -mfpu=vfpv3 -mfloat-abi=hard -Wl,-build-id=none -specs=Xilinx.spec -Wl,-T -Wl,../src/lscript.ld -L../../int_bsp/ps7_cortexa9_0/lib -o "int.elf"  ./src/asm_vectors.o ./src/boot.o ./src/main.o ./src/translation_table.o   -Wl,--start-group,-lxil,-lgcc,-lc,--end-group
'Finished building target: int.elf'
' '
'Invoking: ARM v7 Print Size'
arm-none-eabi-size int.elf  |tee "int.elf.size"
   text	   data	    bss	    dec	    hex	filename
  18076	     12	  22568	  40656	   9ed0	int.elf
'Finished building: int.elf.size'
' '
19:52:20 **** Incremental Build of configuration Debug for project int ****
make pre-build main-build 
a9-linaro-pre-build-step
' '
make: Nothing to be done for 'main-build'.
19:52:47 **** Incremental Build of configuration Debug for project int ****
make pre-build main-build 
a9-linaro-pre-build-step
' '
'Building file: ../src/main.c'
'Invoking: ARM v7 gcc compiler'
arm-none-eabi-gcc -Wall -O0 -g3 -c -fmessage-length=0 -MT"src/main.o" -mcpu=cortex-a9 -mfpu=vfpv3 -mfloat-abi=hard -I../../int_bsp/ps7_cortexa9_0/include -MMD -MP -MF"src/main.d" -MT"src/main.o" -o "src/main.o" "../src/main.c"
../src/main.c: In function 'main':
../src/main.c:32:8: warning: unused variable 'RegValue' [-Wunused-variable]
    int RegValue;
        ^~~~~~~~
'Finished building: ../src/main.c'
' '
'Building target: int.elf'
'Invoking: ARM v7 gcc linker'
arm-none-eabi-gcc -mcpu=cortex-a9 -mfpu=vfpv3 -mfloat-abi=hard -Wl,-build-id=none -specs=Xilinx.spec -Wl,-T -Wl,../src/lscript.ld -L../../int_bsp/ps7_cortexa9_0/lib -o "int.elf"  ./src/asm_vectors.o ./src/boot.o ./src/main.o ./src/translation_table.o   -Wl,--start-group,-lxil,-lgcc,-lc,--end-group
'Finished building target: int.elf'
' '
'Invoking: ARM v7 Print Size'
arm-none-eabi-size int.elf  |tee "int.elf.size"
   text	   data	    bss	    dec	    hex	filename
  17932	     12	  22568	  40512	   9e40	int.elf
'Finished building: int.elf.size'
' '
19:53:39 **** Auto Build of configuration Debug for project int ****
make pre-build main-build 
a9-linaro-pre-build-step
' '
'Building file: ../src/main.c'
'Invoking: ARM v7 gcc compiler'
arm-none-eabi-gcc -Wall -O0 -g3 -c -fmessage-length=0 -MT"src/main.o" -mcpu=cortex-a9 -mfpu=vfpv3 -mfloat-abi=hard -I../../int_bsp/ps7_cortexa9_0/include -MMD -MP -MF"src/main.d" -MT"src/main.o" -o "src/main.o" "../src/main.c"
'Finished building: ../src/main.c'
' '
'Building target: int.elf'
'Invoking: ARM v7 gcc linker'
arm-none-eabi-gcc -mcpu=cortex-a9 -mfpu=vfpv3 -mfloat-abi=hard -Wl,-build-id=none -specs=Xilinx.spec -Wl,-T -Wl,../src/lscript.ld -L../../int_bsp/ps7_cortexa9_0/lib -o "int.elf"  ./src/asm_vectors.o ./src/boot.o ./src/main.o ./src/translation_table.o   -Wl,--start-group,-lxil,-lgcc,-lc,--end-group
'Finished building target: int.elf'
' '
'Invoking: ARM v7 Print Size'
arm-none-eabi-size int.elf  |tee "int.elf.size"
   text	   data	    bss	    dec	    hex	filename
  18076	     12	  22568	  40656	   9ed0	int.elf
'Finished building: int.elf.size'
' '
19:53:43 **** Incremental Build of configuration Debug for project int ****
make pre-build main-build 
a9-linaro-pre-build-step
' '
make: Nothing to be done for 'main-build'.
19:54:58 **** Auto Build of configuration Debug for project int ****
make pre-build main-build 
a9-linaro-pre-build-step
' '
'Building file: ../src/main.c'
'Invoking: ARM v7 gcc compiler'
arm-none-eabi-gcc -Wall -O0 -g3 -c -fmessage-length=0 -MT"src/main.o" -mcpu=cortex-a9 -mfpu=vfpv3 -mfloat-abi=hard -I../../int_bsp/ps7_cortexa9_0/include -MMD -MP -MF"src/main.d" -MT"src/main.o" -o "src/main.o" "../src/main.c"
../src/main.c: In function 'main':
../src/main.c:33:8: warning: unused variable 'Int_Id' [-Wunused-variable]
    int Int_Id;
        ^~~~~~
../src/main.c:32:8: warning: unused variable 'RegValue' [-Wunused-variable]
    int RegValue;
        ^~~~~~~~
'Finished building: ../src/main.c'
' '
'Building target: int.elf'
'Invoking: ARM v7 gcc linker'
arm-none-eabi-gcc -mcpu=cortex-a9 -mfpu=vfpv3 -mfloat-abi=hard -Wl,-build-id=none -specs=Xilinx.spec -Wl,-T -Wl,../src/lscript.ld -L../../int_bsp/ps7_cortexa9_0/lib -o "int.elf"  ./src/asm_vectors.o ./src/boot.o ./src/main.o ./src/translation_table.o   -Wl,--start-group,-lxil,-lgcc,-lc,--end-group
'Finished building target: int.elf'
' '
'Invoking: ARM v7 Print Size'
arm-none-eabi-size int.elf  |tee "int.elf.size"
   text	   data	    bss	    dec	    hex	filename
  17496	     12	  22568	  40076	   9c8c	int.elf
'Finished building: int.elf.size'
' '
19:55:00 **** Incremental Build of configuration Debug for project int ****
make pre-build main-build 
a9-linaro-pre-build-step
' '
make: Nothing to be done for 'main-build'.
19:55:38 **** Incremental Build of configuration Debug for project int ****
make pre-build main-build 
a9-linaro-pre-build-step
' '
'Building file: ../src/main.c'
'Invoking: ARM v7 gcc compiler'
arm-none-eabi-gcc -Wall -O0 -g3 -c -fmessage-length=0 -MT"src/main.o" -mcpu=cortex-a9 -mfpu=vfpv3 -mfloat-abi=hard -I../../int_bsp/ps7_cortexa9_0/include -MMD -MP -MF"src/main.d" -MT"src/main.o" -o "src/main.o" "../src/main.c"
../src/main.c: In function 'main':
../src/main.c:33:8: warning: unused variable 'Int_Id' [-Wunused-variable]
    int Int_Id;
        ^~~~~~
../src/main.c:32:8: warning: unused variable 'RegValue' [-Wunused-variable]
    int RegValue;
        ^~~~~~~~
'Finished building: ../src/main.c'
' '
'Building target: int.elf'
'Invoking: ARM v7 gcc linker'
arm-none-eabi-gcc -mcpu=cortex-a9 -mfpu=vfpv3 -mfloat-abi=hard -Wl,-build-id=none -specs=Xilinx.spec -Wl,-T -Wl,../src/lscript.ld -L../../int_bsp/ps7_cortexa9_0/lib -o "int.elf"  ./src/asm_vectors.o ./src/boot.o ./src/main.o ./src/translation_table.o   -Wl,--start-group,-lxil,-lgcc,-lc,--end-group
'Finished building target: int.elf'
' '
'Invoking: ARM v7 Print Size'
arm-none-eabi-size int.elf  |tee "int.elf.size"
   text	   data	    bss	    dec	    hex	filename
  17456	     12	  22568	  40036	   9c64	int.elf
'Finished building: int.elf.size'
' '
19:57:18 **** Incremental Build of configuration Debug for project int ****
make pre-build main-build 
a9-linaro-pre-build-step
' '
'Building file: ../src/main.c'
'Invoking: ARM v7 gcc compiler'
arm-none-eabi-gcc -Wall -O0 -g3 -c -fmessage-length=0 -MT"src/main.o" -mcpu=cortex-a9 -mfpu=vfpv3 -mfloat-abi=hard -I../../int_bsp/ps7_cortexa9_0/include -MMD -MP -MF"src/main.d" -MT"src/main.o" -o "src/main.o" "../src/main.c"
'Finished building: ../src/main.c'
' '
'Building target: int.elf'
'Invoking: ARM v7 gcc linker'
arm-none-eabi-gcc -mcpu=cortex-a9 -mfpu=vfpv3 -mfloat-abi=hard -Wl,-build-id=none -specs=Xilinx.spec -Wl,-T -Wl,../src/lscript.ld -L../../int_bsp/ps7_cortexa9_0/lib -o "int.elf"  ./src/asm_vectors.o ./src/boot.o ./src/main.o ./src/translation_table.o   -Wl,--start-group,-lxil,-lgcc,-lc,--end-group
'Finished building target: int.elf'
' '
'Invoking: ARM v7 Print Size'
arm-none-eabi-size int.elf  |tee "int.elf.size"
   text	   data	    bss	    dec	    hex	filename
  17424	     12	  22568	  40004	   9c44	int.elf
'Finished building: int.elf.size'
' '
20:11:12 **** Auto Build of configuration Debug for project int ****
make pre-build main-build 
a9-linaro-pre-build-step
' '
'Building file: ../src/main.c'
'Invoking: ARM v7 gcc compiler'
arm-none-eabi-gcc -Wall -O0 -g3 -c -fmessage-length=0 -MT"src/main.o" -mcpu=cortex-a9 -mfpu=vfpv3 -mfloat-abi=hard -I../../int_bsp/ps7_cortexa9_0/include -MMD -MP -MF"src/main.d" -MT"src/main.o" -o "src/main.o" "../src/main.c"
'Finished building: ../src/main.c'
' '
'Building target: int.elf'
'Invoking: ARM v7 gcc linker'
arm-none-eabi-gcc -mcpu=cortex-a9 -mfpu=vfpv3 -mfloat-abi=hard -Wl,-build-id=none -specs=Xilinx.spec -Wl,-T -Wl,../src/lscript.ld -L../../int_bsp/ps7_cortexa9_0/lib -o "int.elf"  ./src/asm_vectors.o ./src/boot.o ./src/main.o ./src/translation_table.o   -Wl,--start-group,-lxil,-lgcc,-lc,--end-group
'Finished building target: int.elf'
' '
'Invoking: ARM v7 Print Size'
arm-none-eabi-size int.elf  |tee "int.elf.size"
   text	   data	    bss	    dec	    hex	filename
  18076	     12	  22568	  40656	   9ed0	int.elf
'Finished building: int.elf.size'
' '
20:11:14 **** Incremental Build of configuration Debug for project int ****
make pre-build main-build 
a9-linaro-pre-build-step
' '
make: Nothing to be done for 'main-build'.
21:06:40 **** Incremental Build of configuration Debug for project int ****
make pre-build main-build 
a9-linaro-pre-build-step
' '
'Building file: ../src/main.c'
'Invoking: ARM v7 gcc compiler'
arm-none-eabi-gcc -Wall -O0 -g3 -c -fmessage-length=0 -MT"src/main.o" -mcpu=cortex-a9 -mfpu=vfpv3 -mfloat-abi=hard -I../../int_bsp/ps7_cortexa9_0/include -MMD -MP -MF"src/main.d" -MT"src/main.o" -o "src/main.o" "../src/main.c"
../src/main.c: In function 'main':
../src/main.c:33:8: warning: unused variable 'Int_Id' [-Wunused-variable]
    int Int_Id;
        ^~~~~~
../src/main.c:32:8: warning: unused variable 'RegValue' [-Wunused-variable]
    int RegValue;
        ^~~~~~~~
'Finished building: ../src/main.c'
' '
'Building target: int.elf'
'Invoking: ARM v7 gcc linker'
arm-none-eabi-gcc -mcpu=cortex-a9 -mfpu=vfpv3 -mfloat-abi=hard -Wl,-build-id=none -specs=Xilinx.spec -Wl,-T -Wl,../src/lscript.ld -L../../int_bsp/ps7_cortexa9_0/lib -o "int.elf"  ./src/asm_vectors.o ./src/boot.o ./src/main.o ./src/translation_table.o   -Wl,--start-group,-lxil,-lgcc,-lc,--end-group
'Finished building target: int.elf'
' '
'Invoking: ARM v7 Print Size'
arm-none-eabi-size int.elf  |tee "int.elf.size"
   text	   data	    bss	    dec	    hex	filename
  17424	     12	  22568	  40004	   9c44	int.elf
'Finished building: int.elf.size'
' '
21:14:22 **** Auto Build of configuration Debug for project int ****
make pre-build main-build 
a9-linaro-pre-build-step
' '
'Building file: ../src/main.c'
'Invoking: ARM v7 gcc compiler'
arm-none-eabi-gcc -Wall -O0 -g3 -c -fmessage-length=0 -MT"src/main.o" -mcpu=cortex-a9 -mfpu=vfpv3 -mfloat-abi=hard -I../../int_bsp/ps7_cortexa9_0/include -MMD -MP -MF"src/main.d" -MT"src/main.o" -o "src/main.o" "../src/main.c"
'Finished building: ../src/main.c'
' '
'Building target: int.elf'
'Invoking: ARM v7 gcc linker'
arm-none-eabi-gcc -mcpu=cortex-a9 -mfpu=vfpv3 -mfloat-abi=hard -Wl,-build-id=none -specs=Xilinx.spec -Wl,-T -Wl,../src/lscript.ld -L../../int_bsp/ps7_cortexa9_0/lib -o "int.elf"  ./src/asm_vectors.o ./src/boot.o ./src/main.o ./src/translation_table.o   -Wl,--start-group,-lxil,-lgcc,-lc,--end-group
'Finished building target: int.elf'
' '
'Invoking: ARM v7 Print Size'
arm-none-eabi-size int.elf  |tee "int.elf.size"
   text	   data	    bss	    dec	    hex	filename
  17424	     12	  22568	  40004	   9c44	int.elf
'Finished building: int.elf.size'
' '
21:23:54 **** Auto Build of configuration Debug for project int ****
make pre-build main-build 
a9-linaro-pre-build-step
' '
'Building file: ../src/main.c'
'Invoking: ARM v7 gcc compiler'
arm-none-eabi-gcc -Wall -O0 -g3 -c -fmessage-length=0 -MT"src/main.o" -mcpu=cortex-a9 -mfpu=vfpv3 -mfloat-abi=hard -I../../int_bsp/ps7_cortexa9_0/include -MMD -MP -MF"src/main.d" -MT"src/main.o" -o "src/main.o" "../src/main.c"
../src/main.c:54:23: error: expected declaration specifiers or '...' before '&' token
       IntrInitFuntion(&INTCInst, MIO_0_ID, &GPIO_PTR) ;
                       ^
../src/main.c:54:34: error: unknown type name 'MIO_0_ID'; did you mean 'MIO_PIN_07'?
       IntrInitFuntion(&INTCInst, MIO_0_ID, &GPIO_PTR) ;
                                  ^~~~~~~~
                                  MIO_PIN_07
../src/main.c:54:44: error: expected declaration specifiers or '...' before '&' token
       IntrInitFuntion(&INTCInst, MIO_0_ID, &GPIO_PTR) ;
                                            ^
make: *** [src/subdir.mk:44: src/main.o] Error 1
21:24:32 **** Auto Build of configuration Debug for project int ****
make pre-build main-build 
a9-linaro-pre-build-step
' '
'Building file: ../src/main.c'
'Invoking: ARM v7 gcc compiler'
arm-none-eabi-gcc -Wall -O0 -g3 -c -fmessage-length=0 -MT"src/main.o" -mcpu=cortex-a9 -mfpu=vfpv3 -mfloat-abi=hard -I../../int_bsp/ps7_cortexa9_0/include -MMD -MP -MF"src/main.d" -MT"src/main.o" -o "src/main.o" "../src/main.c"
../src/main.c:11:5: error: conflicting types for 'Xil_In32'
 int Xil_In32(int Addr)
     ^~~~~~~~
In file included from ../../int_bsp/ps7_cortexa9_0/include/xgpiops_hw.h:64,
                 from ../../int_bsp/ps7_cortexa9_0/include/xgpiops.h:125,
                 from ../src/main.c:3:
../../int_bsp/ps7_cortexa9_0/include/xil_io.h:147:19: note: previous definition of 'Xil_In32' was here
 static INLINE u32 Xil_In32(UINTPTR Addr)
                   ^~~~~~~~
../src/main.c:16:6: error: conflicting types for 'Xil_Out32'
 void Xil_Out32(int OutAddress, int Value)
      ^~~~~~~~~
In file included from ../../int_bsp/ps7_cortexa9_0/include/xgpiops_hw.h:64,
                 from ../../int_bsp/ps7_cortexa9_0/include/xgpiops.h:125,
                 from ../src/main.c:3:
../../int_bsp/ps7_cortexa9_0/include/xil_io.h:219:20: note: previous definition of 'Xil_Out32' was here
 static INLINE void Xil_Out32(UINTPTR Addr, u32 Value)
                    ^~~~~~~~~
../src/main.c:63:23: error: expected declaration specifiers or '...' before '&' token
       IntrInitFuntion(&INTCInst, MIO_0_ID, &GPIO_PTR) ;
                       ^
../src/main.c:63:34: error: unknown type name 'MIO_0_ID'; did you mean 'MIO_PIN_07'?
       IntrInitFuntion(&INTCInst, MIO_0_ID, &GPIO_PTR) ;
                                  ^~~~~~~~
                                  MIO_PIN_07
../src/main.c:63:44: error: expected declaration specifiers or '...' before '&' token
       IntrInitFuntion(&INTCInst, MIO_0_ID, &GPIO_PTR) ;
                                            ^
make: *** [src/subdir.mk:44: src/main.o] Error 1
21:24:40 **** Auto Build of configuration Debug for project int ****
make pre-build main-build 
a9-linaro-pre-build-step
' '
'Building file: ../src/main.c'
'Invoking: ARM v7 gcc compiler'
arm-none-eabi-gcc -Wall -O0 -g3 -c -fmessage-length=0 -MT"src/main.o" -mcpu=cortex-a9 -mfpu=vfpv3 -mfloat-abi=hard -I../../int_bsp/ps7_cortexa9_0/include -MMD -MP -MF"src/main.d" -MT"src/main.o" -o "src/main.o" "../src/main.c"
../src/main.c:63:23: error: expected declaration specifiers or '...' before '&' token
       IntrInitFuntion(&INTCInst, MIO_0_ID, &GPIO_PTR) ;
                       ^
../src/main.c:63:34: error: unknown type name 'MIO_0_ID'; did you mean 'MIO_PIN_07'?
       IntrInitFuntion(&INTCInst, MIO_0_ID, &GPIO_PTR) ;
                                  ^~~~~~~~
                                  MIO_PIN_07
../src/main.c:63:44: error: expected declaration specifiers or '...' before '&' token
       IntrInitFuntion(&INTCInst, MIO_0_ID, &GPIO_PTR) ;
                                            ^
make: *** [src/subdir.mk:44: src/main.o] Error 1
21:32:18 **** Auto Build of configuration Debug for project int ****
make pre-build main-build 
a9-linaro-pre-build-step
' '
'Building file: ../src/main.c'
'Invoking: ARM v7 gcc compiler'
[...]
../src/main.c: In function 'main':
../src/main.c:42:6: error: unknown type name 'XGpioP'; did you mean 'XGpioPs'?
      XGpioP  *ConfigPtr ;                                                                                                                                s_Config *ConfigPtr;
      ^~~~~~
      XGpioPs
../src/main.c:42:154: error: unknown type name 's_Config'; did you mean 'u_long'?
      XGpioP  *ConfigPtr ;                                                                                                                                s_Config *ConfigPtr;
                                                                                                                                                          ^~~~~~~~
                                                                                                                                                          u_long
../src/main.c:42:164: error: redeclaration of 'ConfigPtr' with no linkage
      XGpioP  *ConfigPtr ;                                                                                                                                s_Config *ConfigPtr;
                                                                                                                                                                    ^~~~~~~~~
../src/main.c:42:15: note: previous declaration of 'ConfigPtr' was here
      XGpioP  *ConfigPtr ;                                                                                                                                s_Config *ConfigPtr;
               ^~~~~~~~~
../src/main.c:48:16: warning: assignment to 'int *' from incompatible pointer type 'XGpioPs_Config *' {aka 'struct <anonymous> *'} [-Wincompatible-pointer-types]
      ConfigPtr = XGpioPs_LookupConfig(0);
                ^
../src/main.c:49:55: error: request for member 'BaseAddr' in something not a structure or union
      XGpioPs_CfgInitialize(&Gpio, ConfigPtr, ConfigPtr->BaseAddr);
                                                       ^~
../src/main.c:49:35: warning: passing argument 2 of 'XGpioPs_CfgInitialize' from incompatible pointer type [-Wincompatible-pointer-types]
      XGpioPs_CfgInitialize(&Gpio, ConfigPtr, ConfigPtr->BaseAddr);
                                   ^~~~~~~~~
In file included from ../src/main.c:8:
../../int_bsp/ps7_cortexa9_0/include/xgpiops.h:224:71: note: expected 'const XGpioPs_Config *' {aka 'const struct <anonymous> *'} but argument is of type 'int *'
 s32 XGpioPs_CfgInitialize(XGpioPs *InstancePtr, const XGpioPs_Config *ConfigPtr,
                                                 ~~~~~~~~~~~~~~~~~~~~~~^~~~~~~~~
../src/main.c:58:55: warning: passing argument 3 of 'XGpioPs_SetCallbackHandler' from incompatible pointer type [-Wincompatible-pointer-types]
      XGpioPs_SetCallbackHandler(&Gpio, (void *)&Gpio, GpioHandler);
                                                       ^~~~~~~~~~~
In file included from ../src/main.c:8:
../../int_bsp/ps7_cortexa9_0/include/xgpiops.h:263:25: note: expected 'XGpioPs_Handler' {aka 'void (*)(void *, long unsigned int,  long unsigned int)'} but argument is of type 'void (*)(void *, int,  u32)' {aka 'void (*)(void *, int,  long unsigned int)'}
         XGpioPs_Handler FuncPointer);
         ~~~~~~~~~~~~~~~~^~~~~~~~~~~
make: *** [src/subdir.mk:23: src/main.o] Error 1
19:19:28 **** Auto Build of configuration Debug for project int ****
make pre-build main-build 
a9-linaro-pre-build-step
' '
'Building file: ../src/main.c'
'Invoking: ARM v7 gcc compiler'
arm-none-eabi-gcc -Wall -O0 -g3 -c -fmessage-length=0 -MT"src/main.o" -mcpu=cortex-a9 -mfpu=vfpv3 -mfloat-abi=hard -I../../int_bsp/ps7_cortexa9_0/include -MMD -MP -MF"src/main.d" -MT"src/main.o" -o "src/main.o" "../src/main.c"
../src/main.c: In function 'main':
../src/main.c:42:6: error: unknown type name 'XGpioP'; did you mean 'XGpioPs'?
      XGpioP  ConfigPtr;                                                                                                                                s_Config *ConfigPtr;
      ^~~~~~
      XGpioPs
../src/main.c:42:152: error: unknown type name 's_Config'; did you mean 'u_long'?
      XGpioP  ConfigPtr;                                                                                                                                s_Config *ConfigPtr;
                                                                                                                                                        ^~~~~~~~
                                                                                                                                                        u_long
../src/main.c:42:162: error: conflicting types for 'ConfigPtr'
      XGpioP  ConfigPtr;                                                                                                                                s_Config *ConfigPtr;
                                                                                                                                                                  ^~~~~~~~~
../src/main.c:42:14: note: previous declaration of 'ConfigPtr' was here
      XGpioP  ConfigPtr;                                                                                                                                s_Config *ConfigPtr;
              ^~~~~~~~~
../src/main.c:48:16: warning: assignment to 'int *' from incompatible pointer type 'XGpioPs_Config *' {aka 'struct <anonymous> *'} [-Wincompatible-pointer-types]
      ConfigPtr = XGpioPs_LookupConfig(0);
                ^
../src/main.c:49:55: error: request for member 'BaseAddr' in something not a structure or union
      XGpioPs_CfgInitialize(&Gpio, ConfigPtr, ConfigPtr->BaseAddr);
                                                       ^~
../src/main.c:49:35: warning: passing argument 2 of 'XGpioPs_CfgInitialize' from incompatible pointer type [-Wincompatible-pointer-types]
      XGpioPs_CfgInitialize(&Gpio, ConfigPtr, ConfigPtr->BaseAddr);
                                   ^~~~~~~~~
In file included from ../src/main.c:8:
../../int_bsp/ps7_cortexa9_0/include/xgpiops.h:224:71: note: expected 'const XGpioPs_Config *' {aka 'const struct <anonymous> *'} but argument is of type 'int *'
 s32 XGpioPs_CfgInitialize(XGpioPs *InstancePtr, const XGpioPs_Config *ConfigPtr,
                                                 ~~~~~~~~~~~~~~~~~~~~~~^~~~~~~~~
../src/main.c:58:55: warning: passing argument 3 of 'XGpioPs_SetCallbackHandler' from incompatible pointer type [-Wincompatible-pointer-types]
      XGpioPs_SetCallbackHandler(&Gpio, (void *)&Gpio, GpioHandler);
                                                       ^~~~~~~~~~~
In file included from ../src/main.c:8:
../../int_bsp/ps7_cortexa9_0/include/xgpiops.h:263:25: note: expected 'XGpioPs_Handler' {aka 'void (*)(void *, long unsigned int,  long unsigned int)'} but argument is of type 'void (*)(void *, int,  u32)' {aka 'void (*)(void *, int,  long unsigned int)'}
         XGpioPs_Handler FuncPointer);
         ~~~~~~~~~~~~~~~~^~~~~~~~~~~
make: *** [src/subdir.mk:23: src/main.o] Error 1
19:20:46 **** Auto Build of configuration Debug for project int ****
make pre-build main-build 
a9-linaro-pre-build-step
' '
'Building file: ../src/main.c'
'Invoking: ARM v7 gcc compiler'
arm-none-eabi-gcc -Wall -O0 -g3 -c -fmessage-length=0 -MT"src/main.o" -mcpu=cortex-a9 -mfpu=vfpv3 -mfloat-abi=hard -I../../int_bsp/ps7_cortexa9_0/include -MMD -MP -MF"src/main.d" -MT"src/main.o" -o "src/main.o" "../src/main.c"
../src/main.c: In function 'main':
../src/main.c:42:156: error: unknown type name 's_Config'; did you mean 'u_long'?
  XGpioPs_Config *ConfigPtr;                                                                                                                                s_Config *ConfigPtr;
                                                                                                                                                            ^~~~~~~~
                                                                                                                                                            u_long
../src/main.c:42:166: error: conflicting types for 'ConfigPtr'
  XGpioPs_Config *ConfigPtr;                                                                                                                                s_Config *ConfigPtr;
                                                                                                                                                                      ^~~~~~~~~
../src/main.c:42:18: note: previous declaration of 'ConfigPtr' was here
  XGpioPs_Config *ConfigPtr;                                                                                                                                s_Config *ConfigPtr;
                  ^~~~~~~~~
../src/main.c:48:16: warning: assignment to 'int *' from incompatible pointer type 'XGpioPs_Config *' {aka 'struct <anonymous> *'} [-Wincompatible-pointer-types]
      ConfigPtr = XGpioPs_LookupConfig(0);
                ^
../src/main.c:49:55: error: request for member 'BaseAddr' in something not a structure or union
      XGpioPs_CfgInitialize(&Gpio, ConfigPtr, ConfigPtr->BaseAddr);
                                                       ^~
../src/main.c:49:35: warning: passing argument 2 of 'XGpioPs_CfgInitialize' from incompatible pointer type [-Wincompatible-pointer-types]
      XGpioPs_CfgInitialize(&Gpio, ConfigPtr, ConfigPtr->BaseAddr);
                                   ^~~~~~~~~
In file included from ../src/main.c:8:
../../int_bsp/ps7_cortexa9_0/include/xgpiops.h:224:71: note: expected 'const XGpioPs_Config *' {aka 'const struct <anonymous> *'} but argument is of type 'int *'
 s32 XGpioPs_CfgInitialize(XGpioPs *InstancePtr, const XGpioPs_Config *ConfigPtr,
                                                 ~~~~~~~~~~~~~~~~~~~~~~^~~~~~~~~
../src/main.c:58:55: warning: passing argument 3 of 'XGpioPs_SetCallbackHandler' from incompatible pointer type [-Wincompatible-pointer-types]
      XGpioPs_SetCallbackHandler(&Gpio, (void *)&Gpio, GpioHandler);
                                                       ^~~~~~~~~~~
In file included from ../src/main.c:8:
../../int_bsp/ps7_cortexa9_0/include/xgpiops.h:263:25: note: expected 'XGpioPs_Handler' {aka 'void (*)(void *, long unsigned int,  long unsigned int)'} but argument is of type 'void (*)(void *, int,  u32)' {aka 'void (*)(void *, int,  long unsigned int)'}
         XGpioPs_Handler FuncPointer);
         ~~~~~~~~~~~~~~~~^~~~~~~~~~~
make: *** [src/subdir.mk:23: src/main.o] Error 1
19:37:42 **** Auto Build of configuration Debug for project int ****
make pre-build main-build 
a9-linaro-pre-build-step
' '
'Building file: ../src/main.c'
'Invoking: ARM v7 gcc compiler'
arm-none-eabi-gcc -Wall -O0 -g3 -c -fmessage-length=0 -MT"src/main.o" -mcpu=cortex-a9 -mfpu=vfpv3 -mfloat-abi=hard -I../../int_bsp/ps7_cortexa9_0/include -MMD -MP -MF"src/main.d" -MT"src/main.o" -o "src/main.o" "../src/main.c"
../src/main.c: In function 'main':
../src/main.c:42:157: error: unknown type name 's_Config'; did you mean 'u_long'?
   XGpioPs_Config* ConfigPtr;                                                                                                                                s_Config *ConfigPtr;
                                                                                                                                                             ^~~~~~~~
                                                                                                                                                             u_long
../src/main.c:42:167: error: conflicting types for 'ConfigPtr'
   XGpioPs_Config* ConfigPtr;                                                                                                                                s_Config *ConfigPtr;
                                                                                                                                                                       ^~~~~~~~~
../src/main.c:42:19: note: previous declaration of 'ConfigPtr' was here
   XGpioPs_Config* ConfigPtr;                                                                                                                                s_Config *ConfigPtr;
                   ^~~~~~~~~
../src/main.c:48:16: warning: assignment to 'int *' from incompatible pointer type 'XGpioPs_Config *' {aka 'struct <anonymous> *'} [-Wincompatible-pointer-types]
      ConfigPtr = XGpioPs_LookupConfig(0);
                ^
../src/main.c:49:55: error: request for member 'BaseAddr' in something not a structure or union
      XGpioPs_CfgInitialize(&Gpio, ConfigPtr, ConfigPtr->BaseAddr);
                                                       ^~
../src/main.c:49:35: warning: passing argument 2 of 'XGpioPs_CfgInitialize' from incompatible pointer type [-Wincompatible-pointer-types]
      XGpioPs_CfgInitialize(&Gpio, ConfigPtr, ConfigPtr->BaseAddr);
                                   ^~~~~~~~~
In file included from ../src/main.c:8:
../../int_bsp/ps7_cortexa9_0/include/xgpiops.h:224:71: note: expected 'const XGpioPs_Config *' {aka 'const struct <anonymous> *'} but argument is of type 'int *'
 s32 XGpioPs_CfgInitialize(XGpioPs *InstancePtr, const XGpioPs_Config *ConfigPtr,
                                                 ~~~~~~~~~~~~~~~~~~~~~~^~~~~~~~~
../src/main.c:58:55: warning: passing argument 3 of 'XGpioPs_SetCallbackHandler' from incompatible pointer type [-Wincompatible-pointer-types]
      XGpioPs_SetCallbackHandler(&Gpio, (void *)&Gpio, GpioHandler);
                                                       ^~~~~~~~~~~
In file included from ../src/main.c:8:
../../int_bsp/ps7_cortexa9_0/include/xgpiops.h:263:25: note: expected 'XGpioPs_Handler' {aka 'void (*)(void *, long unsigned int,  long unsigned int)'} but argument is of type 'void (*)(void *, int,  u32)' {aka 'void (*)(void *, int,  long unsigned int)'}
         XGpioPs_Handler FuncPointer);
         ~~~~~~~~~~~~~~~~^~~~~~~~~~~
make: *** [src/subdir.mk:23: src/main.o] Error 1
19:38:38 **** Auto Build of configuration Debug for project int ****
make pre-build main-build 
a9-linaro-pre-build-step
' '
'Building file: ../src/main.c'
'Invoking: ARM v7 gcc compiler'
arm-none-eabi-gcc -Wall -O0 -g3 -c -fmessage-length=0 -MT"src/main.o" -mcpu=cortex-a9 -mfpu=vfpv3 -mfloat-abi=hard -I../../int_bsp/ps7_cortexa9_0/include -MMD -MP -MF"src/main.d" -MT"src/main.o" -o "src/main.o" "../src/main.c"
../src/main.c: In function 'main':
../src/main.c:42:128: error: unknown type name 's_Config'; did you mean 'u_long'?
                                                                                                                                s_Config *ConfigPtr;
                                                                                                                                ^~~~~~~~
                                                                                                                                u_long
../src/main.c:46:22: error: conflicting types for 'ConfigPtr'
      XGpioPs_Config* ConfigPtr;
                      ^~~~~~~~~
../src/main.c:42:138: note: previous declaration of 'ConfigPtr' was here
                                                                                                                                s_Config *ConfigPtr;
                                                                                                                                          ^~~~~~~~~
../src/main.c:59:55: warning: passing argument 3 of 'XGpioPs_SetCallbackHandler' from incompatible pointer type [-Wincompatible-pointer-types]
      XGpioPs_SetCallbackHandler(&Gpio, (void *)&Gpio, GpioHandler);
                                                       ^~~~~~~~~~~
In file included from ../src/main.c:8:
../../int_bsp/ps7_cortexa9_0/include/xgpiops.h:263:25: note: expected 'XGpioPs_Handler' {aka 'void (*)(void *, long unsigned int,  long unsigned int)'} but argument is of type 'void (*)(void *, int,  u32)' {aka 'void (*)(void *, int,  long unsigned int)'}
         XGpioPs_Handler FuncPointer);
         ~~~~~~~~~~~~~~~~^~~~~~~~~~~
make: *** [src/subdir.mk:23: src/main.o] Error 1
19:39:20 **** Auto Build of configuration Debug for project int ****
make pre-build main-build 
a9-linaro-pre-build-step
' '
'Building file: ../src/main.c'
'Invoking: ARM v7 gcc compiler'
arm-none-eabi-gcc -Wall -O0 -g3 -c -fmessage-length=0 -MT"src/main.o" -mcpu=cortex-a9 -mfpu=vfpv3 -mfloat-abi=hard -I../../int_bsp/ps7_cortexa9_0/include -MMD -MP -MF"src/main.d" -MT"src/main.o" -o "src/main.o" "../src/main.c"
../src/main.c: In function 'main':
../src/main.c:58:55: warning: passing argument 3 of 'XGpioPs_SetCallbackHandler' from incompatible pointer type [-Wincompatible-pointer-types]
      XGpioPs_SetCallbackHandler(&Gpio, (void *)&Gpio, GpioHandler);
                                                       ^~~~~~~~~~~
In file included from ../src/main.c:8:
../../int_bsp/ps7_cortexa9_0/include/xgpiops.h:263:25: note: expected 'XGpioPs_Handler' {aka 'void (*)(void *, long unsigned int,  long unsigned int)'} but argument is of type 'void (*)(void *, int,  u32)' {aka 'void (*)(void *, int,  long unsigned int)'}
         XGpioPs_Handler FuncPointer);
         ~~~~~~~~~~~~~~~~^~~~~~~~~~~
'Finished building: ../src/main.c'
' '
'Building target: int.elf'
'Invoking: ARM v7 gcc linker'
arm-none-eabi-gcc -mcpu=cortex-a9 -mfpu=vfpv3 -mfloat-abi=hard -Wl,-build-id=none -specs=Xilinx.spec -Wl,-T -Wl,../src/lscript.ld -L../../int_bsp/ps7_cortexa9_0/lib -o "int.elf"  ./src/main.o   -Wl,--start-group,-lxil,-lgcc,-lc,--end-group
'Finished building target: int.elf'
' '
'Invoking: ARM v7 Print Size'
arm-none-eabi-size int.elf  |tee "int.elf.size"
   text	   data	    bss	    dec	    hex	filename
  29852	   1928	  22616	  54396	   d47c	int.elf
'Finished building: int.elf.size'
' '
19:39:48 **** Auto Build of configuration Debug for project int ****
make pre-build main-build 
a9-linaro-pre-build-step
' '
'Building file: ../src/main.c'
'Invoking: ARM v7 gcc compiler'
arm-none-eabi-gcc -Wall -O0 -g3 -c -fmessage-length=0 -MT"src/main.o" -mcpu=cortex-a9 -mfpu=vfpv3 -mfloat-abi=hard -I../../int_bsp/ps7_cortexa9_0/include -MMD -MP -MF"src/main.d" -MT"src/main.o" -o "src/main.o" "../src/main.c"
../src/main.c: In function 'main':
../src/main.c:58:55: warning: passing argument 3 of 'XGpioPs_SetCallbackHandler' from incompatible pointer type [-Wincompatible-pointer-types]
      XGpioPs_SetCallbackHandler(&Gpio, (void *)&Gpio, GpioHandler);
                                                       ^~~~~~~~~~~
In file included from ../src/main.c:8:
../../int_bsp/ps7_cortexa9_0/include/xgpiops.h:263:25: note: expected 'XGpioPs_Handler' {aka 'void (*)(void *, long unsigned int,  long unsigned int)'} but argument is of type 'void (*)(void *, int,  u32)' {aka 'void (*)(void *, int,  long unsigned int)'}
         XGpioPs_Handler FuncPointer);
         ~~~~~~~~~~~~~~~~^~~~~~~~~~~
'Finished building: ../src/main.c'
' '
'Building target: int.elf'
'Invoking: ARM v7 gcc linker'
arm-none-eabi-gcc -mcpu=cortex-a9 -mfpu=vfpv3 -mfloat-abi=hard -Wl,-build-id=none -specs=Xilinx.spec -Wl,-T -Wl,../src/lscript.ld -L../../int_bsp/ps7_cortexa9_0/lib -o "int.elf"  ./src/main.o   -Wl,--start-group,-lxil,-lgcc,-lc,--end-group
'Finished building target: int.elf'
' '
'Invoking: ARM v7 Print Size'
arm-none-eabi-size int.elf  |tee "int.elf.size"
   text	   data	    bss	    dec	    hex	filename
  29852	   1928	  22616	  54396	   d47c	int.elf
'Finished building: int.elf.size'
' '
19:39:52 **** Incremental Build of configuration Debug for project int ****
make pre-build main-build 
a9-linaro-pre-build-step
' '
make: Nothing to be done for 'main-build'.
